#0 building with "desktop-linux" instance using docker driver

#1 [internal] load build definition from Dockerfile
#1 transferring dockerfile: 681B done
#1 DONE 0.0s

#2 [internal] load metadata for docker.io/library/node:24.15.0-bookworm-slim@sha256:4e6b70dd6cbfc88c8157ba19aa3d9f9cce6ba4703576d55459e45efcbc9c5f5d
#2 DONE 0.0s

#3 [internal] load .dockerignore
#3 transferring context: 268B done
#3 DONE 0.0s

#4 [internal] load build context
#4 transferring context: 6.04kB 0.0s done
#4 DONE 0.0s

#5 [ 1/10] FROM docker.io/library/node:24.15.0-bookworm-slim@sha256:4e6b70dd6cbfc88c8157ba19aa3d9f9cce6ba4703576d55459e45efcbc9c5f5d
#5 resolve docker.io/library/node:24.15.0-bookworm-slim@sha256:4e6b70dd6cbfc88c8157ba19aa3d9f9cce6ba4703576d55459e45efcbc9c5f5d
#5 resolve docker.io/library/node:24.15.0-bookworm-slim@sha256:4e6b70dd6cbfc88c8157ba19aa3d9f9cce6ba4703576d55459e45efcbc9c5f5d 0.0s done
#5 DONE 0.0s

#6 [ 2/10] WORKDIR /app
#6 CACHED

#7 [ 3/10] COPY package.json package-lock.json ./
#7 CACHED

#8 [ 4/10] RUN npm ci --omit=dev --ignore-scripts --no-audit --no-fund
#8 CACHED

#9 [ 5/10] COPY --chown=1000:1000 src/ ./src/
#9 DONE 0.1s

#10 [ 6/10] COPY --chown=1000:1000 public/ ./public/
#10 DONE 0.1s

#11 [ 7/10] COPY --chown=1000:1000 data/ ./data/
#11 DONE 0.1s

#12 [ 8/10] COPY --chown=1000:1000 roles/ ./roles/
#12 DONE 0.1s

#13 [ 9/10] COPY --chown=1000:1000 scripts/k8s-load.mjs ./scripts/k8s-load.mjs
#13 DONE 0.1s

#14 [10/10] COPY --chown=1000:1000 scripts/k8s-distribution.mjs ./scripts/k8s-distribution.mjs
#14 DONE 0.1s

#15 exporting to image
#15 exporting layers
#15 exporting layers 0.5s done
#15 exporting manifest sha256:3a725c3effe181b0376acf98f2fcb70bfd0c3f25abf6f04957f9484ba56ba8fa 0.0s done
#15 exporting config sha256:866fbe92697bcf231b699a0c19742ffd2dbd747f614cdd23b828e252017116ad 0.0s done
#15 exporting attestation manifest sha256:6f0e4a2cd6a538ce4c3faeb1b29ad8abc2177e062b68ed4fe96d7bc73d128161 0.0s done
#15 exporting manifest list sha256:fc8394717ae08b489a5853804fa189788f98a098956790e4f270b8e7b5e1947c
#15 exporting manifest list sha256:fc8394717ae08b489a5853804fa189788f98a098956790e4f270b8e7b5e1947c 0.0s done
#15 naming to docker.io/library/evidscope:enterprise-20261005-r15 done
#15 unpacking to docker.io/library/evidscope:enterprise-20261005-r15
#15 unpacking to docker.io/library/evidscope:enterprise-20261005-r15 0.2s done
#15 DONE 0.9s
