#0 building with "desktop-linux" instance using docker driver

#1 [internal] load build definition from Dockerfile
#1 transferring dockerfile: 681B done
#1 DONE 0.0s

#2 [internal] load metadata for docker.io/library/node:24.15.0-bookworm-slim@sha256:4e6b70dd6cbfc88c8157ba19aa3d9f9cce6ba4703576d55459e45efcbc9c5f5d
#2 DONE 0.0s

#3 [internal] load .dockerignore
#3 transferring context: 268B done
#3 DONE 0.0s

#4 [internal] load build context
#4 transferring context: 6.04kB 0.0s done
#4 DONE 0.0s

#5 [ 1/10] FROM docker.io/library/node:24.15.0-bookworm-slim@sha256:4e6b70dd6cbfc88c8157ba19aa3d9f9cce6ba4703576d55459e45efcbc9c5f5d
#5 resolve docker.io/library/node:24.15.0-bookworm-slim@sha256:4e6b70dd6cbfc88c8157ba19aa3d9f9cce6ba4703576d55459e45efcbc9c5f5d
#5 resolve docker.io/library/node:24.15.0-bookworm-slim@sha256:4e6b70dd6cbfc88c8157ba19aa3d9f9cce6ba4703576d55459e45efcbc9c5f5d 0.0s done
#5 DONE 0.0s

#6 [ 3/10] COPY package.json package-lock.json ./
#6 CACHED

#7 [ 2/10] WORKDIR /app
#7 CACHED

#8 [ 4/10] RUN npm ci --omit=dev --ignore-scripts --no-audit --no-fund
#8 CACHED

#9 [ 5/10] COPY --chown=1000:1000 src/ ./src/
#9 DONE 0.1s

#10 [ 6/10] COPY --chown=1000:1000 public/ ./public/
#10 DONE 0.1s

#11 [ 7/10] COPY --chown=1000:1000 data/ ./data/
#11 DONE 0.1s

#12 [ 8/10] COPY --chown=1000:1000 roles/ ./roles/
#12 DONE 0.1s

#13 [ 9/10] COPY --chown=1000:1000 scripts/k8s-load.mjs ./scripts/k8s-load.mjs
#13 DONE 0.1s

#14 [10/10] COPY --chown=1000:1000 scripts/k8s-distribution.mjs ./scripts/k8s-distribution.mjs
#14 DONE 0.1s

#15 exporting to image
#15 exporting layers
#15 exporting layers 0.5s done
#15 exporting manifest sha256:799d4cd80d5977e0e1b58d47b66a0ebe1e7bdf8961a501ba6ad85ef9af8f80ea 0.0s done
#15 exporting config sha256:c273345cde321a3648d018f1014879c666b9c375ab0e01e135b11253e413706d 0.0s done
#15 exporting attestation manifest sha256:f4b0eb7080c33b7bb2b7fb64b6bd309235f5a705b0f566f11077d67a10a4395f 0.1s done
#15 exporting manifest list sha256:92dfc6675e63deb2df85e1e0e3389793a0aaef6567f7b7ea935f597b0f56d0df
#15 exporting manifest list sha256:92dfc6675e63deb2df85e1e0e3389793a0aaef6567f7b7ea935f597b0f56d0df 0.0s done
#15 naming to docker.io/library/evidscope:enterprise-20261005-r14 done
#15 unpacking to docker.io/library/evidscope:enterprise-20261005-r14
#15 unpacking to docker.io/library/evidscope:enterprise-20261005-r14 0.2s done
#15 DONE 0.8s
