#0 building with "desktop-linux" instance using docker driver

#1 [internal] load build definition from Dockerfile
#1 transferring dockerfile: 681B done
#1 DONE 0.0s

#2 [internal] load metadata for docker.io/library/node:24.15.0-bookworm-slim@sha256:4e6b70dd6cbfc88c8157ba19aa3d9f9cce6ba4703576d55459e45efcbc9c5f5d
#2 DONE 0.0s

#3 [internal] load .dockerignore
#3 transferring context: 268B done
#3 DONE 0.0s

#4 [internal] load build context
#4 transferring context: 5.77kB 0.0s done
#4 DONE 0.0s

#5 [ 1/10] FROM docker.io/library/node:24.15.0-bookworm-slim@sha256:4e6b70dd6cbfc88c8157ba19aa3d9f9cce6ba4703576d55459e45efcbc9c5f5d
#5 resolve docker.io/library/node:24.15.0-bookworm-slim@sha256:4e6b70dd6cbfc88c8157ba19aa3d9f9cce6ba4703576d55459e45efcbc9c5f5d 0.0s done
#5 DONE 0.0s

#6 [ 2/10] WORKDIR /app
#6 CACHED

#7 [ 3/10] COPY package.json package-lock.json ./
#7 CACHED

#8 [ 4/10] RUN npm ci --omit=dev --ignore-scripts --no-audit --no-fund
#8 CACHED

#9 [ 5/10] COPY --chown=1000:1000 src/ ./src/
#9 DONE 0.1s

#10 [ 6/10] COPY --chown=1000:1000 public/ ./public/
#10 DONE 0.1s

#11 [ 7/10] COPY --chown=1000:1000 data/ ./data/
#11 DONE 0.1s

#12 [ 8/10] COPY --chown=1000:1000 roles/ ./roles/
#12 DONE 0.1s

#13 [ 9/10] COPY --chown=1000:1000 scripts/k8s-load.mjs ./scripts/k8s-load.mjs
#13 DONE 0.1s

#14 [10/10] COPY --chown=1000:1000 scripts/k8s-distribution.mjs ./scripts/k8s-distribution.mjs
#14 DONE 0.1s

#15 exporting to image
#15 exporting layers
#15 exporting layers 0.5s done
#15 exporting manifest sha256:965e02378d4ff2fa8adc596392974e2080819b7cfce40fad7d431819f46571e5 0.0s done
#15 exporting config sha256:43c4c75a5ca9da462fda94f128f050178f2aa0da5d7c66ca712ff6c101daad94 0.0s done
#15 exporting attestation manifest sha256:04010973142f58a13e7f22ff480e0bd0fa0a8e3b49443d475bcbce20c05d798f 0.0s done
#15 exporting manifest list sha256:ef9b89f4470e12ae5c81f49c730ddf60c08e56de17e3ee28e4a43f2ae2054279
#15 exporting manifest list sha256:ef9b89f4470e12ae5c81f49c730ddf60c08e56de17e3ee28e4a43f2ae2054279 0.0s done
#15 naming to docker.io/library/evidscope:enterprise-20260929-r3 done
#15 unpacking to docker.io/library/evidscope:enterprise-20260929-r3
#15 unpacking to docker.io/library/evidscope:enterprise-20260929-r3 0.2s done
#15 DONE 0.9s
