#0 building with "desktop-linux" instance using docker driver

#1 [internal] load build definition from Dockerfile
#1 transferring dockerfile: 681B done
#1 DONE 0.0s

#2 [internal] load metadata for docker.io/library/node:24.15.0-bookworm-slim@sha256:4e6b70dd6cbfc88c8157ba19aa3d9f9cce6ba4703576d55459e45efcbc9c5f5d
#2 DONE 1.4s

#3 [internal] load .dockerignore
#3 transferring context: 268B done
#3 DONE 0.0s

#4 [internal] load build context
#4 transferring context: 12.45kB 0.0s done
#4 DONE 0.0s

#5 [ 1/10] FROM docker.io/library/node:24.15.0-bookworm-slim@sha256:4e6b70dd6cbfc88c8157ba19aa3d9f9cce6ba4703576d55459e45efcbc9c5f5d
#5 resolve docker.io/library/node:24.15.0-bookworm-slim@sha256:4e6b70dd6cbfc88c8157ba19aa3d9f9cce6ba4703576d55459e45efcbc9c5f5d 0.0s done
#5 DONE 0.0s

#6 [ 2/10] WORKDIR /app
#6 CACHED

#7 [ 3/10] COPY package.json package-lock.json ./
#7 DONE 0.1s

#8 [ 4/10] RUN npm ci --omit=dev --ignore-scripts --no-audit --no-fund
#8 0.889 
#8 0.889 added 3 packages in 529ms
#8 0.890 npm notice
#8 0.890 npm notice New major version of npm available! 11.12.1 -> 12.2.0
#8 0.890 npm notice Changelog: https://github.com/npm/cli/releases/tag/v12.2.0
#8 0.890 npm notice To update run: npm install -g npm@12.2.0
#8 0.890 npm notice
#8 DONE 0.9s

#9 [ 5/10] COPY --chown=1000:1000 src/ ./src/
#9 DONE 0.1s

#10 [ 6/10] COPY --chown=1000:1000 public/ ./public/
#10 DONE 0.1s

#11 [ 7/10] COPY --chown=1000:1000 data/ ./data/
#11 DONE 0.1s

#12 [ 8/10] COPY --chown=1000:1000 roles/ ./roles/
#12 DONE 0.1s

#13 [ 9/10] COPY --chown=1000:1000 scripts/k8s-load.mjs ./scripts/k8s-load.mjs
#13 DONE 0.1s

#14 [10/10] COPY --chown=1000:1000 scripts/k8s-distribution.mjs ./scripts/k8s-distribution.mjs
#14 DONE 0.1s

#15 exporting to image
#15 exporting layers
#15 exporting layers 0.8s done
#15 exporting manifest sha256:3c111412e8e3db60c7f6f0ee2cfa0ade19c60b4fda66b3cab3053869faaed2c4 0.0s done
#15 exporting config sha256:119000917a7924e87112d4a62fa56f82acdd8acc8ae0ae7b70177ed827db3645 0.0s done
#15 exporting attestation manifest sha256:a66117db573240e53bed15d4f5d825291c85e2077d47420b299afc9a41eb15ab 0.0s done
#15 exporting manifest list sha256:f406c0b1fd9a2b53a8fbc466fc5a56857ce4f0a3c1724f21f4df53e95fd49c5b
#15 exporting manifest list sha256:f406c0b1fd9a2b53a8fbc466fc5a56857ce4f0a3c1724f21f4df53e95fd49c5b 0.0s done
#15 naming to docker.io/library/evidscope:0.1.0 done
#15 unpacking to docker.io/library/evidscope:0.1.0
#15 unpacking to docker.io/library/evidscope:0.1.0 0.3s done
#15 DONE 1.3s
