✔ independent finance verifier CLI accepts a real HTTP export and rejects changed evidence, wrong key and stale external digest (980.6938ms)
✔ release launcher starts four real services, authenticates UI API, preserves data and confirms shutdown/restart (1830.4931ms)
✔ release demo CLI targets the selected directory and loopback ports; signal shutdown leaves no service children (1184.4484ms)
{"component":"vault","address":"::1","port":27918,"tls":false}
node:events:487
      throw er; // Unhandled 'error' event
      ^

Error: listen EADDRINUSE: address already in use ::1:27919
    at Server.setupListenHandle [as _listen2] (node:net:2008:16)
    at listenInCluster (node:net:2065:12)
    at node:net:2274:7
    at process.processTicksAndRejections (node:internal/process/task_queues:90:21)
Emitted 'error' event on Server instance at:
    at emitErrorNT (node:net:2044:8)
    at process.processTicksAndRejections (node:internal/process/task_queues:90:21) {
  code: 'EADDRINUSE',
  errno: -4091,
  syscall: 'listen',
  address: '::1',
  port: 27919
}

Node.js v24.15.0
✔ release startup conflict cleans earlier services and preserves the unrelated listener (462.5028ms)
✔ release HTTP launcher rejects inherited TLS configuration before creating credentials or listeners (75.143ms)
ℹ tests 5
ℹ suites 0
ℹ pass 5
ℹ fail 0
ℹ cancelled 0
ℹ skipped 0
ℹ todo 0
ℹ duration_ms 4713.9272
