✔ integrity rejects body evaluation projection tampering without affecting another tenant (135.8585ms)
✔ integrity rejects malformed evaluation projection tampering without affecting another tenant (115.7251ms)
✔ integrity rejects action evaluation projection tampering without affecting another tenant (115.8088ms)
✔ integrity rejects version evaluation projection tampering without affecting another tenant (113.0678ms)
✔ integrity rejects missing evaluation projection tampering without affecting another tenant (114.479ms)
✔ integrity rejects extra evaluation projection tampering without affecting another tenant (119.4368ms)
✔ integrity rejects ordering evaluation projection tampering without affecting another tenant (107.8559ms)
✔ overview, action and alert reads reject a forged evaluation instead of rendering it (119.4606ms)
✔ valid reads preserve latest-first behavior and the integrity scope remains explicit (114.9495ms)
✔ evaluation verification and response use one writer-excluding snapshot (110.2405ms)
✔ finance refuses evaluation move SQL tampering before reading or signing a mismatched operation (146.6355ms)
✔ finance refuses evaluation swap SQL tampering before reading or signing a mismatched operation (124.9868ms)
✔ finance refuses evaluation version SQL tampering before reading or signing a mismatched operation (122.5031ms)
✔ finance refuses evaluation ordering SQL tampering before reading or signing a mismatched operation (120.5674ms)
✔ finance preserves signed latest evaluation selection and tenant separation for valid history (128.0467ms)
✔ governance reviewer boundary rejects auditor mutation before signed state changes across gateways and restart (1055.0689ms)
✔ unknown system facts remain unknown and never become an automatic non-applicability decision (2.3995ms)
✔ Korean high-impact and frontier thresholds are evaluated as separate review candidates (0.2775ms)
✔ EU transparency candidates require market, role and feature facts and preserve amendment warning (0.297ms)
✔ NIST remains voluntary and ISO remains readiness-only (0.1334ms)
✔ Korean article 31 distinguishes high-impact notice, generated output and realistic synthetic media (0.2467ms)
✔ legacy and financial system facts require review without inferring high-impact or a legal role (0.6919ms)
✔ Korean expanded scope facts migrate to unknown without inferring operator, exemption or presence (0.2022ms)
✔ domestic impact supports extraterritorial triage and does not depend only on a KR market label (0.1896ms)
✔ realistic synthetic media triage follows article 31 paragraph 3 independently of generative classification (0.2028ms)
✔ domestic representative thresholds are four OR branches with exact boundaries and foreign-presence AND (0.4205ms)
✔ public procurement duties do not require the institution to supply AI as a business operator (0.1749ms)
✔ a mere user institution is not automatically classified as an AI business operator for any business duty (0.2121ms)
✔ government order is a distinct fact and lack of a current order never becomes automatic compliance (0.1279ms)
✔ Korean catalog states verified legal scope, publication items, seven impact contents and unverified notices (0.2283ms)
✔ KR-33 HTTP keeps mandatory review separate from optional request evidence and preserves frozen tenant history (1688.2761ms)
✔ the schema covers the eighteen Korean governance requirements without importing supplier recognition (0.9089ms)
✔ notice_pre_delivery: scoped measurement and retrievable document support a human review without issuing a legal verdict (4.2773ms)
✔ generated_output_marking: scoped measurement and retrievable document support a human review without issuing a legal verdict (0.4211ms)
✔ realistic_media_disclosure: scoped measurement and retrievable document support a human review without issuing a legal verdict (0.3019ms)
✔ safety_risk_management: scoped measurement and retrievable document support a human review without issuing a legal verdict (0.3735ms)
✔ safety_incident_monitoring: scoped measurement and retrievable document support a human review without issuing a legal verdict (0.2882ms)
✔ safety_submission_receipt: scoped measurement and retrievable document support a human review without issuing a legal verdict (0.3845ms)
✔ high_impact_pre_review: scoped measurement and retrievable document support a human review without issuing a legal verdict (0.4353ms)
✔ high_impact_confirmation: scoped measurement and retrievable document support a human review without issuing a legal verdict (0.5762ms)
✔ high_impact_risk_management: scoped measurement and retrievable document support a human review without issuing a legal verdict (0.3166ms)
✔ explanation_plan: scoped measurement and retrievable document support a human review without issuing a legal verdict (0.2313ms)
✔ user_protection: scoped measurement and retrievable document support a human review without issuing a legal verdict (0.1879ms)
✔ oversight_plan: scoped measurement and retrievable document support a human review without issuing a legal verdict (0.8401ms)
✔ document_publication_retention: scoped measurement and retrievable document support a human review without issuing a legal verdict (0.3136ms)
✔ impact_assessment: scoped measurement and retrievable document support a human review without issuing a legal verdict (0.2755ms)
✔ impact_effort: scoped measurement and retrievable document support a human review without issuing a legal verdict (0.2169ms)
✔ public_impact_preference: scoped measurement and retrievable document support a human review without issuing a legal verdict (0.1479ms)
✔ certification_effort: scoped measurement and retrievable document support a human review without issuing a legal verdict (0.2674ms)
✔ public_certification_preference: scoped measurement and retrievable document support a human review without issuing a legal verdict (0.1615ms)
✔ domestic_representative: scoped measurement and retrievable document support a human review without issuing a legal verdict (0.1916ms)
✔ authority_order_response: scoped measurement and retrievable document support a human review without issuing a legal verdict (0.2073ms)
✔ strict normalization rejects unknown fields, wrong requirement, malformed hashes and misleading metric types (0.6251ms)
✔ normalization rejects invalid calendar dates and duplicate or invented document sections (0.4757ms)
✔ self-attestation, external hashes and supplier bundles cannot stand in for typed measured evidence (0.5256ms)
✔ the document must have a validated retrieval snapshot and the exact measured content hash (1.3934ms)
✔ changed purpose, requirement text, model or policy invalidates even a freshly rehashed collector snapshot (0.6044ms)
✔ agent claims, unsigned copied snapshots, stale records and failed or inconclusive measurements remain insufficient (0.737ms)
✔ linking a later good check does not silently erase a selected failed check (0.2226ms)
✔ notice_pre_delivery: unknown clocks, overlapping intervals, equality and actual late action do not prove prior action (1.1818ms)
✔ high_impact_pre_review: unknown clocks, overlapping intervals, equality and actual late action do not prove prior action (1.1366ms)
✔ impact_assessment: unknown clocks, overlapping intervals, equality and actual late action do not prove prior action (0.6672ms)
✔ impact_effort: unknown clocks, overlapping intervals, equality and actual late action do not prove prior action (0.6273ms)
✔ certification_effort: unknown clocks, overlapping intervals, equality and actual late action do not prove prior action (0.7802ms)
✔ machine-readable marking additionally requires detection and a generation notice, while human-readable marking requires perceptibility (0.3569ms)
✔ realistic media tests must cover disclosed outputs, user conditions and accessibility; creative mode preserves enjoyment (0.5419ms)
✔ authority receipts cannot be replaced by telemetry export records or an unaccepted submission (0.8226ms)
✔ a completed pre-review stays supported when an optional confirmation request has no receipt (0.4545ms)
✔ optional request evidence remains independently insufficient for failed, unauthenticated or mismatched receipts (4.4609ms)
✔ confirmation never replaces missing, contradictory, late or stale mandatory pre-review evidence (1.6557ms)
✔ document publication covers four items, confines exclusions to recorded grounds and tests five-year policy, access and restore (0.7605ms)
✔ impact assessment includes six unconditional areas, conditional improvement plan and vulnerable group characteristics (0.7687ms)
✔ documented pre-provision efforts are explicitly supported without claiming completed impact assessment or certification (0.4872ms)
✔ public preference needs an actual recorded comparison and rationale rather than assuming all institutions selected a certified product (0.5828ms)
✔ oversight needs its explicit plan measurement plus an authority human reviewer for the same model and policy (2.6076ms)
✔ domestic representative support requires a written mandate including current document review and a domestic presence (0.4563ms)
✔ actual order response requires specified measures, implementation, acceptance and the recorded response deadline (1.0058ms)
✔ unknown and non-Korean requirements never receive a fabricated technical success (0.1335ms)
✔ every reported completed action or receipt rejects a future measurement despite matching hashes and pass result (1.7649ms)
✔ future provision and deadline are planned boundaries and never prove actual provision or business results (0.8407ms)
✔ fixed receipt times and explicit observation clocks are required for completed timestamp claims (1.9494ms)
✔ reported observation cannot precede its impossible future fixed receipt and overlapping clock bounds stay unresolved (0.4161ms)
✔ declared completed-time uncertainty cannot conceal a later or overlapping action (0.2691ms)
✔ adding a good measurement cannot erase a selected future completion record (0.2343ms)
✔ human oversight reviews with missing fixed receipt, unknown clocks or future observed completion stay missing (1.1391ms)
✔ verification uses the recorded receipt and repeats identically when the current wall clock changes (0.2463ms)
✔ notice_pre_delivery: a matching current system hash cannot hide a changed or unknown registered provision boundary (0.9232ms)
✔ high_impact_pre_review: a matching current system hash cannot hide a changed or unknown registered provision boundary (0.7464ms)
✔ impact_assessment: a matching current system hash cannot hide a changed or unknown registered provision boundary (1.0349ms)
✔ impact_effort: a matching current system hash cannot hide a changed or unknown registered provision boundary (0.6988ms)
✔ certification_effort: a matching current system hash cannot hide a changed or unknown registered provision boundary (0.8374ms)
✔ Korean governance across independent ingress, vault and audit processes preserves measured scope and frozen evidence (1235.1608ms)
✔ all eighteen Korean requirements keep an unfetched attestation insufficient and block closure (662.9344ms)
✔ HMAC source ingestion, retained file and fixed versions support a measured notice review (190.5458ms)
✔ notice after provision cannot clear a review task (156.3411ms)
✔ notice unknown clock cannot clear a review task (153.2142ms)
✔ notice wrong model cannot clear a review task (150.4145ms)
✔ notice failed test cannot clear a review task (161.6856ms)
✔ an AI self-report cannot issue a governance check, nor can a caller inject a frozen snapshot (144.4176ms)
✔ current report and closure both reject changed purpose, expired review, pending legal review and changed law (301.8543ms)
✔ human non-applicability is recorded separately and needs a recoverable basis before closure (154.9611ms)
✔ the existing vault document alone cannot imply publication or a qualified human oversight plan (213.0691ms)
✔ a different government order cannot close a prior order task; a fresh matching response can (212.9982ms)
ℹ tests 103
ℹ suites 0
ℹ pass 103
ℹ fail 0
ℹ cancelled 0
ℹ skipped 0
ℹ todo 0
ℹ duration_ms 9209.3966
