✖ KR-33 HTTP keeps mandatory review separate from optional request evidence and preserves frozen tenant history (634.0242ms)
✔ the schema covers the eighteen Korean governance requirements without importing supplier recognition (1.3799ms)
✔ notice_pre_delivery: scoped measurement and retrievable document support a human review without issuing a legal verdict (4.4237ms)
✔ generated_output_marking: scoped measurement and retrievable document support a human review without issuing a legal verdict (0.585ms)
✔ realistic_media_disclosure: scoped measurement and retrievable document support a human review without issuing a legal verdict (0.4163ms)
✔ safety_risk_management: scoped measurement and retrievable document support a human review without issuing a legal verdict (0.3868ms)
✔ safety_incident_monitoring: scoped measurement and retrievable document support a human review without issuing a legal verdict (0.3598ms)
✔ safety_submission_receipt: scoped measurement and retrievable document support a human review without issuing a legal verdict (0.3509ms)
✔ high_impact_pre_review: scoped measurement and retrievable document support a human review without issuing a legal verdict (0.4028ms)
✔ high_impact_confirmation: scoped measurement and retrievable document support a human review without issuing a legal verdict (0.5797ms)
✔ high_impact_risk_management: scoped measurement and retrievable document support a human review without issuing a legal verdict (0.3938ms)
✔ explanation_plan: scoped measurement and retrievable document support a human review without issuing a legal verdict (0.2549ms)
✔ user_protection: scoped measurement and retrievable document support a human review without issuing a legal verdict (0.1768ms)
✔ oversight_plan: scoped measurement and retrievable document support a human review without issuing a legal verdict (0.8406ms)
✔ document_publication_retention: scoped measurement and retrievable document support a human review without issuing a legal verdict (0.3459ms)
✔ impact_assessment: scoped measurement and retrievable document support a human review without issuing a legal verdict (0.2608ms)
✔ impact_effort: scoped measurement and retrievable document support a human review without issuing a legal verdict (0.1876ms)
✔ public_impact_preference: scoped measurement and retrievable document support a human review without issuing a legal verdict (0.1404ms)
✔ certification_effort: scoped measurement and retrievable document support a human review without issuing a legal verdict (0.269ms)
✔ public_certification_preference: scoped measurement and retrievable document support a human review without issuing a legal verdict (0.1621ms)
✔ domestic_representative: scoped measurement and retrievable document support a human review without issuing a legal verdict (0.183ms)
✔ authority_order_response: scoped measurement and retrievable document support a human review without issuing a legal verdict (0.2023ms)
✔ strict normalization rejects unknown fields, wrong requirement, malformed hashes and misleading metric types (0.6042ms)
✔ normalization rejects invalid calendar dates and duplicate or invented document sections (0.4329ms)
✔ self-attestation, external hashes and supplier bundles cannot stand in for typed measured evidence (0.5892ms)
✔ the document must have a validated retrieval snapshot and the exact measured content hash (1.2895ms)
✔ changed purpose, requirement text, model or policy invalidates even a freshly rehashed collector snapshot (0.628ms)
✔ agent claims, unsigned copied snapshots, stale records and failed or inconclusive measurements remain insufficient (0.7224ms)
✔ linking a later good check does not silently erase a selected failed check (0.295ms)
✔ notice_pre_delivery: unknown clocks, overlapping intervals, equality and actual late action do not prove prior action (0.8916ms)
✔ high_impact_pre_review: unknown clocks, overlapping intervals, equality and actual late action do not prove prior action (1.2026ms)
✔ impact_assessment: unknown clocks, overlapping intervals, equality and actual late action do not prove prior action (0.6515ms)
✔ impact_effort: unknown clocks, overlapping intervals, equality and actual late action do not prove prior action (0.6907ms)
✔ certification_effort: unknown clocks, overlapping intervals, equality and actual late action do not prove prior action (0.8589ms)
✔ machine-readable marking additionally requires detection and a generation notice, while human-readable marking requires perceptibility (0.3779ms)
✔ realistic media tests must cover disclosed outputs, user conditions and accessibility; creative mode preserves enjoyment (0.5989ms)
✔ authority receipts cannot be replaced by telemetry export records or an unaccepted submission (0.5764ms)
✔ a completed pre-review stays supported when an optional confirmation request has no receipt (0.3786ms)
✔ optional request evidence remains independently insufficient for failed, unauthenticated or mismatched receipts (4.0301ms)
✔ confirmation never replaces missing, contradictory, late or stale mandatory pre-review evidence (1.9062ms)
✔ document publication covers four items, confines exclusions to recorded grounds and tests five-year policy, access and restore (0.9018ms)
✔ impact assessment includes six unconditional areas, conditional improvement plan and vulnerable group characteristics (0.7333ms)
✔ documented pre-provision efforts are explicitly supported without claiming completed impact assessment or certification (0.4559ms)
✔ public preference needs an actual recorded comparison and rationale rather than assuming all institutions selected a certified product (0.5316ms)
✔ oversight needs its explicit plan measurement plus an authority human reviewer for the same model and policy (2.63ms)
✔ domestic representative support requires a written mandate including current document review and a domestic presence (0.5074ms)
✔ actual order response requires specified measures, implementation, acceptance and the recorded response deadline (1.0301ms)
✔ unknown and non-Korean requirements never receive a fabricated technical success (0.1241ms)
✔ every reported completed action or receipt rejects a future measurement despite matching hashes and pass result (1.3544ms)
✔ future provision and deadline are planned boundaries and never prove actual provision or business results (0.6676ms)
✔ fixed receipt times and explicit observation clocks are required for completed timestamp claims (1.7045ms)
✔ reported observation cannot precede its impossible future fixed receipt and overlapping clock bounds stay unresolved (0.4196ms)
✔ declared completed-time uncertainty cannot conceal a later or overlapping action (0.2573ms)
✔ adding a good measurement cannot erase a selected future completion record (0.2008ms)
✔ human oversight reviews with missing fixed receipt, unknown clocks or future observed completion stay missing (0.83ms)
✔ verification uses the recorded receipt and repeats identically when the current wall clock changes (0.3628ms)
✔ notice_pre_delivery: a matching current system hash cannot hide a changed or unknown registered provision boundary (0.8303ms)
✔ high_impact_pre_review: a matching current system hash cannot hide a changed or unknown registered provision boundary (0.7748ms)
✔ impact_assessment: a matching current system hash cannot hide a changed or unknown registered provision boundary (1.0473ms)
✔ impact_effort: a matching current system hash cannot hide a changed or unknown registered provision boundary (0.668ms)
✔ certification_effort: a matching current system hash cannot hide a changed or unknown registered provision boundary (0.7447ms)
ℹ tests 61
ℹ suites 0
ℹ pass 60
ℹ fail 1
ℹ cancelled 0
ℹ skipped 0
ℹ todo 0
ℹ duration_ms 874.7248

✖ failing tests:

test at test\kr-governance-33-http.test.mjs:8:1
✖ KR-33 HTTP keeps mandatory review separate from optional request evidence and preserves frozen tenant history (634.0242ms)
  [TypeError: fetch failed] {
    [cause]: Error: connect EACCES ::1:53221
        at TCPConnectWrap.afterConnect [as oncomplete] (node:net:1705:16) {
      errno: -4092,
      code: 'EACCES',
      syscall: 'connect',
      address: '::1',
      port: 53221
    }
  }
