✔ KR-33 HTTP keeps mandatory review separate from optional request evidence and preserves frozen tenant history (1711.1549ms)
✔ the schema covers the eighteen Korean governance requirements without importing supplier recognition (1.0368ms)
✔ notice_pre_delivery: scoped measurement and retrievable document support a human review without issuing a legal verdict (3.6475ms)
✔ generated_output_marking: scoped measurement and retrievable document support a human review without issuing a legal verdict (0.3789ms)
✔ realistic_media_disclosure: scoped measurement and retrievable document support a human review without issuing a legal verdict (0.2958ms)
✔ safety_risk_management: scoped measurement and retrievable document support a human review without issuing a legal verdict (0.4004ms)
✔ safety_incident_monitoring: scoped measurement and retrievable document support a human review without issuing a legal verdict (0.2924ms)
✔ safety_submission_receipt: scoped measurement and retrievable document support a human review without issuing a legal verdict (0.3698ms)
✔ high_impact_pre_review: scoped measurement and retrievable document support a human review without issuing a legal verdict (0.3981ms)
✔ high_impact_confirmation: scoped measurement and retrievable document support a human review without issuing a legal verdict (0.5344ms)
✔ high_impact_risk_management: scoped measurement and retrievable document support a human review without issuing a legal verdict (0.3203ms)
✔ explanation_plan: scoped measurement and retrievable document support a human review without issuing a legal verdict (0.2477ms)
✔ user_protection: scoped measurement and retrievable document support a human review without issuing a legal verdict (0.171ms)
✔ oversight_plan: scoped measurement and retrievable document support a human review without issuing a legal verdict (0.8721ms)
✔ document_publication_retention: scoped measurement and retrievable document support a human review without issuing a legal verdict (0.2336ms)
✔ impact_assessment: scoped measurement and retrievable document support a human review without issuing a legal verdict (0.2414ms)
✔ impact_effort: scoped measurement and retrievable document support a human review without issuing a legal verdict (0.1905ms)
✔ public_impact_preference: scoped measurement and retrievable document support a human review without issuing a legal verdict (0.1412ms)
✔ certification_effort: scoped measurement and retrievable document support a human review without issuing a legal verdict (0.2392ms)
✔ public_certification_preference: scoped measurement and retrievable document support a human review without issuing a legal verdict (0.152ms)
✔ domestic_representative: scoped measurement and retrievable document support a human review without issuing a legal verdict (0.1895ms)
✔ authority_order_response: scoped measurement and retrievable document support a human review without issuing a legal verdict (0.2261ms)
✔ strict normalization rejects unknown fields, wrong requirement, malformed hashes and misleading metric types (0.5915ms)
✔ normalization rejects invalid calendar dates and duplicate or invented document sections (0.4368ms)
✔ self-attestation, external hashes and supplier bundles cannot stand in for typed measured evidence (0.532ms)
✔ the document must have a validated retrieval snapshot and the exact measured content hash (1.2705ms)
✔ changed purpose, requirement text, model or policy invalidates even a freshly rehashed collector snapshot (0.6163ms)
✔ agent claims, unsigned copied snapshots, stale records and failed or inconclusive measurements remain insufficient (0.8213ms)
✔ linking a later good check does not silently erase a selected failed check (0.2363ms)
✔ notice_pre_delivery: unknown clocks, overlapping intervals, equality and actual late action do not prove prior action (0.8729ms)
✔ high_impact_pre_review: unknown clocks, overlapping intervals, equality and actual late action do not prove prior action (1.169ms)
✔ impact_assessment: unknown clocks, overlapping intervals, equality and actual late action do not prove prior action (0.6682ms)
✔ impact_effort: unknown clocks, overlapping intervals, equality and actual late action do not prove prior action (0.6597ms)
✔ certification_effort: unknown clocks, overlapping intervals, equality and actual late action do not prove prior action (0.8559ms)
✔ machine-readable marking additionally requires detection and a generation notice, while human-readable marking requires perceptibility (0.3599ms)
✔ realistic media tests must cover disclosed outputs, user conditions and accessibility; creative mode preserves enjoyment (0.4976ms)
✔ authority receipts cannot be replaced by telemetry export records or an unaccepted submission (0.5706ms)
✔ a completed pre-review stays supported when an optional confirmation request has no receipt (0.3806ms)
✔ optional request evidence remains independently insufficient for failed, unauthenticated or mismatched receipts (4.4897ms)
✔ confirmation never replaces missing, contradictory, late or stale mandatory pre-review evidence (1.5289ms)
✔ document publication covers four items, confines exclusions to recorded grounds and tests five-year policy, access and restore (1.0961ms)
✔ impact assessment includes six unconditional areas, conditional improvement plan and vulnerable group characteristics (0.5744ms)
✔ documented pre-provision efforts are explicitly supported without claiming completed impact assessment or certification (0.5239ms)
✔ public preference needs an actual recorded comparison and rationale rather than assuming all institutions selected a certified product (0.6223ms)
✔ oversight needs its explicit plan measurement plus an authority human reviewer for the same model and policy (2.4728ms)
✔ domestic representative support requires a written mandate including current document review and a domestic presence (0.5479ms)
✔ actual order response requires specified measures, implementation, acceptance and the recorded response deadline (1.0394ms)
✔ unknown and non-Korean requirements never receive a fabricated technical success (0.1188ms)
✔ every reported completed action or receipt rejects a future measurement despite matching hashes and pass result (1.2946ms)
✔ future provision and deadline are planned boundaries and never prove actual provision or business results (0.6626ms)
✔ fixed receipt times and explicit observation clocks are required for completed timestamp claims (1.7654ms)
✔ reported observation cannot precede its impossible future fixed receipt and overlapping clock bounds stay unresolved (0.7105ms)
✔ declared completed-time uncertainty cannot conceal a later or overlapping action (0.3418ms)
✔ adding a good measurement cannot erase a selected future completion record (0.2198ms)
✔ human oversight reviews with missing fixed receipt, unknown clocks or future observed completion stay missing (0.9883ms)
✔ verification uses the recorded receipt and repeats identically when the current wall clock changes (0.2203ms)
✔ notice_pre_delivery: a matching current system hash cannot hide a changed or unknown registered provision boundary (0.8857ms)
✔ high_impact_pre_review: a matching current system hash cannot hide a changed or unknown registered provision boundary (0.6645ms)
✔ impact_assessment: a matching current system hash cannot hide a changed or unknown registered provision boundary (1.1355ms)
✔ impact_effort: a matching current system hash cannot hide a changed or unknown registered provision boundary (0.7275ms)
✔ certification_effort: a matching current system hash cannot hide a changed or unknown registered provision boundary (0.7865ms)
ℹ tests 61
ℹ suites 0
ℹ pass 61
ℹ fail 0
ℹ cancelled 0
ℹ skipped 0
ℹ todo 0
ℹ duration_ms 1943.4051
