#0 building with "desktop-linux" instance using docker driver

#1 [internal] load build definition from Dockerfile
#1 transferring dockerfile: 681B 0.0s done
#1 DONE 0.0s

#2 [internal] load metadata for docker.io/library/node:24.15.0-bookworm-slim@sha256:4e6b70dd6cbfc88c8157ba19aa3d9f9cce6ba4703576d55459e45efcbc9c5f5d
#2 DONE 1.5s

#3 [internal] load .dockerignore
#3 transferring context: 268B done
#3 DONE 0.0s

#4 [ 1/10] FROM docker.io/library/node:24.15.0-bookworm-slim@sha256:4e6b70dd6cbfc88c8157ba19aa3d9f9cce6ba4703576d55459e45efcbc9c5f5d
#4 resolve docker.io/library/node:24.15.0-bookworm-slim@sha256:4e6b70dd6cbfc88c8157ba19aa3d9f9cce6ba4703576d55459e45efcbc9c5f5d 0.0s done
#4 DONE 0.0s

#5 [internal] load build context
#5 transferring context: 334.02kB 0.0s done
#5 DONE 0.1s

#6 [ 2/10] WORKDIR /app
#6 CACHED

#7 [ 3/10] COPY package.json package-lock.json ./
#7 CACHED

#8 [ 4/10] RUN npm ci --omit=dev --ignore-scripts --no-audit --no-fund
#8 CACHED

#9 [ 5/10] COPY --chown=1000:1000 src/ ./src/
#9 DONE 0.1s

#10 [ 6/10] COPY --chown=1000:1000 public/ ./public/
#10 DONE 0.1s

#11 [ 7/10] COPY --chown=1000:1000 data/ ./data/
#11 DONE 0.1s

#12 [ 8/10] COPY --chown=1000:1000 roles/ ./roles/
#12 DONE 0.1s

#13 [ 9/10] COPY --chown=1000:1000 scripts/k8s-load.mjs ./scripts/k8s-load.mjs
#13 DONE 0.1s

#14 [10/10] COPY --chown=1000:1000 scripts/k8s-distribution.mjs ./scripts/k8s-distribution.mjs
#14 DONE 0.1s

#15 exporting to image
#15 exporting layers
#15 exporting layers 0.6s done
#15 exporting manifest sha256:93e9f41da8fb5202837993d4ffe2c30ed4dc4cd557aedd86035fc7775a20821d 0.0s done
#15 exporting config sha256:ed9e6d663f28630d7fa0876ad18715d456882df030ab7582bffeb54c2cadfb8b 0.0s done
#15 exporting attestation manifest sha256:c708ffcb51a2f3df4b9a39e3c8dd1a1a10db21dc732b8d90293ee3e8dafcb7a4 0.0s done
#15 exporting manifest list sha256:49791439db65f506f39ea46c513344044d1c9f34bceff850662a01dce9f55ada
#15 exporting manifest list sha256:49791439db65f506f39ea46c513344044d1c9f34bceff850662a01dce9f55ada 0.0s done
#15 naming to docker.io/library/evidscope:kr-governance-20261006-r16 done
#15 unpacking to docker.io/library/evidscope:kr-governance-20261006-r16
#15 unpacking to docker.io/library/evidscope:kr-governance-20261006-r16 0.2s done
#15 DONE 0.9s
