✔ finance view keeps verification and consumption in one writer-excluding snapshot (30.391875ms)
✔ finance export keeps verification and consumption in one writer-excluding snapshot (8.48478ms)
✔ finance import keeps verification and consumption in one writer-excluding snapshot (9.91637ms)
✔ finance report keeps verification and consumption in one writer-excluding snapshot (12.457296ms)
✔ finance saved-report keeps verification and consumption in one writer-excluding snapshot (12.465768ms)
✔ successful nested savepoints remain subject to complete outer rollback (4.331787ms)
✔ caught inner failure rolls back its ledger, checkpoint and objects while outer work commits (5.35305ms)
✔ one transaction exposes its pending signed head and publishes only the final checkpoint (4.972201ms)
✔ an existing transaction started outside Store uses a savepoint and is not committed by the helper (7.014365ms)
✔ a busy BEGIN leaves no pending ledger head that can bypass checkpoint publication (5013.029392ms)
✔ transaction callbacks must be synchronous and never commit a returned promise (4.466628ms)
✔ finance refuses evaluation move SQL tampering before reading or signing a mismatched operation (38.958758ms)
✔ finance refuses evaluation swap SQL tampering before reading or signing a mismatched operation (18.137368ms)
✔ finance refuses evaluation version SQL tampering before reading or signing a mismatched operation (18.179346ms)
✔ finance refuses evaluation ordering SQL tampering before reading or signing a mismatched operation (14.80016ms)
✔ finance preserves signed latest evaluation selection and tenant separation for valid history (21.953515ms)
✔ finance HTTP gateway: bounded verified import, source separation, model change and signed frozen report (562.431841ms)
✔ finance rejects renamed system SQL identities before exporting or signing another target (82.440569ms)
✔ finance rejects swapped system SQL identities before exporting or signing another target (63.804745ms)
✔ finance rejects renamed supplier_bundle SQL identities before exporting or signing another target (65.200371ms)
✔ finance rejects swapped supplier_bundle SQL identities before exporting or signing another target (61.348863ms)
✔ same-tenant object contents cannot be read through a foreign-tenant bundle ID (42.007857ms)
✔ assessment signs a server-computed applicability snapshot and ignores client provenance fields (25.152354ms)
✔ legacy catalog and assessment provenance trigger a signed re-review task without replacing the human conclusion (17.75481ms)
✔ signed finance reports freeze policy provenance while a later fact change only marks the live review stale (38.941317ms)
✔ assessment does not seal body system projection (15.549503ms)
✔ assessment does not seal id system projection (6.953785ms)
✔ assessment does not seal missing system projection (6.635855ms)
✔ assessment does not seal injected system projection (6.813254ms)
✔ unsigned event projection cannot become signed assessment evidence (6.68492ms)
✔ signed event content determines evidence hash; projection changes cannot certify different bytes (8.680509ms)
✔ governance report refuses forged system projection (8.267363ms)
✔ governance report refuses forged assessment projection (7.803992ms)
✔ governance report refuses forged governance_task projection (8.253689ms)
✔ KR-34-DOCUMENT keeps missing document technically insufficient and its task open (37.231141ms)
✔ KR-34-DOCUMENT keeps unhashed external document technically insufficient and its task open (26.041803ms)
✔ KR-34-DOCUMENT keeps unretrievable externally hashed document technically insufficient and its task open (26.153382ms)
✔ a verified tool execution alone leaves risk control insufficient until a scoped risk measurement and actual document are linked (59.257192ms)
✔ reviewer intake stores and retrieves tenant-bound encrypted content-addressed bytes with a five-year metadata snapshot (28.235541ms)
✔ intake rejects non-canonical base64, wrong hashes, oversized bytes, unknown systems and system reassignment (49.522685ms)
✔ a 256 KiB actual document is fully retrievable without treating its hash as a publication measurement (34.299969ms)
✔ assessment binds the signed document system, version, content hash and snapshot then permits task closure only while retrievable (91.36063ms)
✔ new document revision invalidates the assessment and corruption keeps review work open until a new verified snapshot (107.662106ms)
✔ governance document projection tampering is rejected and cannot create a verified assessment (14.550866ms)
✔ HTTP boundary accepts and retrieves a complete 4 MiB document and rejects documents or payloads above their limits (442.379238ms)
✔ vault backup verifies and restores governance document ciphertext and signed metadata without claiming elapsed retention (112.076444ms)
✔ unknown system facts remain unknown and never become an automatic non-applicability decision (1.976119ms)
✔ Korean high-impact and frontier thresholds are evaluated as separate review candidates (0.369231ms)
✔ EU transparency candidates require market, role and feature facts and preserve amendment warning (0.318921ms)
✔ NIST remains voluntary and ISO remains readiness-only (0.195624ms)
✔ Korean article 31 distinguishes high-impact notice, generated output and realistic synthetic media (0.294832ms)
✔ legacy and financial system facts require review without inferring high-impact or a legal role (0.923952ms)
✔ Korean expanded scope facts migrate to unknown without inferring operator, exemption or presence (0.32831ms)
✔ domestic impact supports extraterritorial triage and does not depend only on a KR market label (0.2495ms)
✔ realistic synthetic media triage follows article 31 paragraph 3 independently of generative classification (0.305081ms)
✔ domestic representative thresholds are four OR branches with exact boundaries and foreign-presence AND (4.018767ms)
✔ public procurement duties do not require the institution to supply AI as a business operator (0.606442ms)
✔ a mere user institution is not automatically classified as an AI business operator for any business duty (0.563431ms)
✔ government order is a distinct fact and lack of a current order never becomes automatic compliance (0.33437ms)
✔ Korean catalog states verified legal scope, publication items, seven impact contents and unverified notices (0.290439ms)
✔ document intake computes the actual binary digest, binds its system, and offers verified original download (25.547774ms)
✔ dynamic file cap rejects oversized and empty files before reading or posting; default remains64KiB (4.77491ms)
✔ document inventory keeps hostile metadata literal and never claims a metadata row proves retrieval (2.417253ms)
✔ changed versions, tampered export bytes and retrieval errors cannot produce a successful download (5.068044ms)
✔ technical gaps remain visible next to a human sufficient assessment and unknown checks are retained (1.913374ms)
✔ typed reported measurements translate alternatives and failure reasons without claiming independent proof or completed effort (2.279217ms)
✔ additional Korean applicability facts preserve unknown, explicit false, zero and separate domains without inferring a bank role (3.985781ms)
✔ all Korean task closure refusals are rendered in the form without closing it or recording success (26.457815ms)
✔ OIDC document intake uses the existing CSRF session and permission failures stay visible (2.549423ms)
✔ missing or partial evidence never displays a positive technical confirmation and current Korean roles remain visible (2.33603ms)
✔ self-asserted oversight evidence remains insufficient and leaves a task that cannot be closed (42.978805ms)
✔ oversight plan and review record are each necessary and must bind the current system model and policy (166.243704ms)
✔ document revision makes the bound oversight assessment stale and blocks task closure until reassessment (105.08932ms)
✔ unidentified reviewers are rejected at intake rather than certified by a valid plan hash (11.24229ms)
✔ the schema covers the eighteen Korean governance requirements without importing supplier recognition (0.971099ms)
✔ notice_pre_delivery: scoped measurement and retrievable document support a human review without issuing a legal verdict (2.507262ms)
✔ generated_output_marking: scoped measurement and retrievable document support a human review without issuing a legal verdict (0.428908ms)
✔ realistic_media_disclosure: scoped measurement and retrievable document support a human review without issuing a legal verdict (0.349749ms)
✔ safety_risk_management: scoped measurement and retrievable document support a human review without issuing a legal verdict (0.420802ms)
✔ safety_incident_monitoring: scoped measurement and retrievable document support a human review without issuing a legal verdict (0.330139ms)
✔ safety_submission_receipt: scoped measurement and retrievable document support a human review without issuing a legal verdict (0.570045ms)
✔ high_impact_pre_review: scoped measurement and retrievable document support a human review without issuing a legal verdict (0.455787ms)
✔ high_impact_confirmation: scoped measurement and retrievable document support a human review without issuing a legal verdict (0.619621ms)
✔ high_impact_risk_management: scoped measurement and retrievable document support a human review without issuing a legal verdict (0.41966ms)
✔ explanation_plan: scoped measurement and retrievable document support a human review without issuing a legal verdict (0.305728ms)
✔ user_protection: scoped measurement and retrievable document support a human review without issuing a legal verdict (0.230235ms)
✔ oversight_plan: scoped measurement and retrievable document support a human review without issuing a legal verdict (0.369917ms)
✔ document_publication_retention: scoped measurement and retrievable document support a human review without issuing a legal verdict (0.260771ms)
✔ impact_assessment: scoped measurement and retrievable document support a human review without issuing a legal verdict (0.421006ms)
✔ impact_effort: scoped measurement and retrievable document support a human review without issuing a legal verdict (0.234028ms)
✔ public_impact_preference: scoped measurement and retrievable document support a human review without issuing a legal verdict (0.172733ms)
✔ certification_effort: scoped measurement and retrievable document support a human review without issuing a legal verdict (0.329361ms)
✔ public_certification_preference: scoped measurement and retrievable document support a human review without issuing a legal verdict (0.19383ms)
✔ domestic_representative: scoped measurement and retrievable document support a human review without issuing a legal verdict (0.2324ms)
✔ authority_order_response: scoped measurement and retrievable document support a human review without issuing a legal verdict (0.232891ms)
✔ strict normalization rejects unknown fields, wrong requirement, malformed hashes and misleading metric types (0.625681ms)
✔ normalization rejects invalid calendar dates and duplicate or invented document sections (0.54672ms)
✔ self-attestation, external hashes and supplier bundles cannot stand in for typed measured evidence (0.53954ms)
✔ the document must have a validated retrieval snapshot and the exact measured content hash (1.264045ms)
✔ changed purpose, requirement text, model or policy invalidates even a freshly rehashed collector snapshot (1.162776ms)
✔ agent claims, unsigned copied snapshots, stale records and failed or inconclusive measurements remain insufficient (0.921301ms)
✔ linking a later good check does not silently erase a selected failed check (0.346989ms)
✔ notice_pre_delivery: unknown clocks, overlapping intervals, equality and actual late action do not prove prior action (1.096962ms)
✔ high_impact_pre_review: unknown clocks, overlapping intervals, equality and actual late action do not prove prior action (1.159369ms)
✔ impact_assessment: unknown clocks, overlapping intervals, equality and actual late action do not prove prior action (0.721354ms)
✔ impact_effort: unknown clocks, overlapping intervals, equality and actual late action do not prove prior action (0.713339ms)
✔ certification_effort: unknown clocks, overlapping intervals, equality and actual late action do not prove prior action (0.593336ms)
✔ machine-readable marking additionally requires detection and a generation notice, while human-readable marking requires perceptibility (0.795721ms)
✔ realistic media tests must cover disclosed outputs, user conditions and accessibility; creative mode preserves enjoyment (0.601821ms)
✔ authority receipts cannot be replaced by telemetry export records or an unaccepted submission (0.603679ms)
✔ confirmation is optional, but a claimed request needs its separate authority receipt and required attachments (0.574009ms)
✔ document publication covers four items, confines exclusions to recorded grounds and tests five-year policy, access and restore (0.942669ms)
✔ impact assessment includes six unconditional areas, conditional improvement plan and vulnerable group characteristics (0.870731ms)
✔ documented pre-provision efforts are explicitly supported without claiming completed impact assessment or certification (0.505694ms)
✔ public preference needs an actual recorded comparison and rationale rather than assuming all institutions selected a certified product (0.539091ms)
✔ oversight needs its explicit plan measurement plus an authority human reviewer for the same model and policy (2.899081ms)
✔ domestic representative support requires a written mandate including current document review and a domestic presence (0.547174ms)
✔ actual order response requires specified measures, implementation, acceptance and the recorded response deadline (0.862785ms)
✔ unknown and non-Korean requirements never receive a fabricated technical success (0.202502ms)
✔ every reported completed action or receipt rejects a future measurement despite matching hashes and pass result (1.522431ms)
✔ future provision and deadline are planned boundaries and never prove actual provision or business results (0.823143ms)
✔ fixed receipt times and explicit observation clocks are required for completed timestamp claims (1.810004ms)
✔ reported observation cannot precede its impossible future fixed receipt and overlapping clock bounds stay unresolved (0.464283ms)
✔ declared completed-time uncertainty cannot conceal a later or overlapping action (0.275362ms)
✔ adding a good measurement cannot erase a selected future completion record (0.20751ms)
✔ human oversight reviews with missing fixed receipt, unknown clocks or future observed completion stay missing (0.581307ms)
✔ verification uses the recorded receipt and repeats identically when the current wall clock changes (0.277407ms)
✔ Korean governance across independent ingress, vault and audit processes preserves measured scope and frozen evidence (684.686948ms)
✔ all eighteen Korean requirements keep an unfetched attestation insufficient and block closure (438.749004ms)
✔ HMAC source ingestion, retained file and fixed versions support a measured notice review (57.842498ms)
✔ notice after provision cannot clear a review task (33.350898ms)
✔ notice unknown clock cannot clear a review task (33.869297ms)
✔ notice wrong model cannot clear a review task (33.744584ms)
✔ notice failed test cannot clear a review task (31.349855ms)
✔ an AI self-report cannot issue a governance check, nor can a caller inject a frozen snapshot (25.353956ms)
✔ current report and closure both reject changed purpose, expired review, pending legal review and changed law (124.334104ms)
✔ human non-applicability is recorded separately and needs a recoverable basis before closure (32.113588ms)
✔ the existing vault document alone cannot imply publication or a qualified human oversight plan (65.595812ms)
▶ OIDC provider → audit gateway → vault: authenticated identity, isolation and revocation
  ✔ server-owned issuer/subject mapping ignores injected role and tenant claims (118.214374ms)
  ✔ invalid token claims, signature, authentication strength and response state never create sessions (93.230624ms)
  ✔ callback replay and swapped browser flow cookies cannot issue sessions (11.450262ms)
  ✔ cookie mutations require fixed Origin and CSRF; role and tenant checks still apply (48.243654ms)
  ✔ collector HMAC and worker service credentials remain usable (33.000604ms)
  ✔ revocation is immediate, disable blocks new login, enable does not revive old sessions (36.926899ms)
  ✔ logout ends only the app session and verifies CSRF (18.010851ms)
  ✔ restart invalidates sessions; signed access state survives projection tampering and backup recovery (323.04667ms)
  ✔ audit exports, database files and process logs contain no authentication secrets (18.89937ms)
  ✔ absolute and idle expiration are enforced on the server; expired login flow is never exchanged (22.375538ms)
  ✔ untrusted discovery issuer or endpoint origins are rejected before authorization redirect (6.173389ms)
✔ OIDC provider → audit gateway → vault: authenticated identity, isolation and revocation (1164.070686ms)
✔ enterprise transport and principal binding fail closed at configuration time (0.461078ms)
✔ rule create-version cannot re-sign forged history, authorship or test evidence (16.228135ms)
✔ rule test cannot re-sign forged history, authorship or test evidence (7.241895ms)
✔ rule approve cannot re-sign forged history, authorship or test evidence (6.754278ms)
✔ exception approval cannot sign forged scope, expiry or two-person identities (6.540371ms)
✖ governance task updates preserve signed target and prior evidence (5.849143ms)
✔ rule: missing projection is rejected without a new signed record (4.874878ms)
✔ rule: extra projection is rejected without a new signed record (4.663052ms)
✔ rule: body-id projection is rejected without a new signed record (4.403989ms)
✔ rule: sql-id projection is rejected without a new signed record (4.720396ms)
✔ exception: missing projection is rejected without a new signed record (5.642008ms)
✔ exception: extra projection is rejected without a new signed record (4.196124ms)
✔ exception: body-id projection is rejected without a new signed record (4.035852ms)
✔ exception: sql-id projection is rejected without a new signed record (4.0669ms)
✔ governance_task: missing projection is rejected without a new signed record (3.957213ms)
✔ governance_task: extra projection is rejected without a new signed record (4.137095ms)
✔ governance_task: body-id projection is rejected without a new signed record (4.522136ms)
✔ governance_task: sql-id projection is rejected without a new signed record (4.914221ms)
✔ rule tests use signed decrypted events despite tampered, missing and extra event projections (11.596065ms)
✔ projection checks preserve tenant isolation and do not retire or rewrite previous versions on rejection (11.726968ms)
✔ large unrelated signed records are fully hashed without blocking policy edits; oversized policy history fails closed (78.498972ms)
✔ six governance scenarios pass without network or model transport (1970.678093ms)
✔ CLI produces a report and refuses to overwrite an existing deliverable (2279.03741ms)
✔ online WAL snapshot restores both tenants, historic documents, signed report and exact evidence (147.115871ms)
✔ ciphertext tamper, extra members and stale independent anchors fail before publication (60.726602ms)
✔ wrong vault key, forged manifest and absent external anchor are rejected (37.190083ms)
✔ forged object projections cannot be certified by a new backup (22.23112ms)
✔ actions-only tenants cannot be omitted from whole-vault backup verification (26.708053ms)
✔ a signed legacy archive omitting an actions-only tenant fails restore before publication (8.892192ms)
✔ missing source or archived document fails recovery and never leaves plaintext staging files (48.448055ms)
✔ SQL tenant relabeling and event index tampering cannot be sealed into a valid backup (45.975797ms)
▶ development event content, deletion, and index tampering fail signed snapshot verification
  ✔ content (54.177335ms)
  ✔ delete (50.778157ms)
  ✔ index (50.980959ms)
✔ development event content, deletion, and index tampering fail signed snapshot verification (156.667113ms)
✔ mixed-case development IDs use identical ordering for signed and SQL records (49.096931ms)
✔ restoration never overwrites an existing directory or crosses a symlink (35.986536ms)
✔ deleted event keys stay deleted after snapshot recovery (48.717604ms)
✔ actual restored HTTP vault serves supplier bytes and preserves tenant access boundaries (426.316588ms)
✔ operator CLI creates an external anchor and restores without copying credentials (193.387909ms)
ℹ tests 190
ℹ suites 0
ℹ pass 189
ℹ fail 1
ℹ cancelled 0
ℹ skipped 0
ℹ todo 0
ℹ duration_ms 17595.834691

✖ failing tests:

test at test/policy-projection-integrity.test.mjs:43:1
✖ governance task updates preserve signed target and prior evidence (5.849143ms)
  Error: 대상을 찾을 수 없습니다
      at fail (file:///app/src/model.mjs:6:44)
      at policyObject (file:///app/src/service.mjs:64:73)
      at file:///app/src/service.mjs:123:16
      at Store.transaction (file:///app/src/store.mjs:83:14)
      at report (file:///app/src/service.mjs:122:16)
      at file:///app/src/service.mjs:267:18
      at Store.transaction (file:///app/src/store.mjs:83:14)
      at Object.handle (file:///app/src/service.mjs:263:79)
      at Object.call (file:///app/test/policy-projection-integrity.test.mjs:15:43)
      at TestContext.<anonymous> (file:///app/test/policy-projection-integrity.test.mjs:47:23) {
    status: 404
  }
