✔ verified supplier bytes, role isolation, immutable signed review and changed model invalidation (250.9245ms)
✔ same private key representation can restore encrypted document bytes (4.6726ms)
▶ unknown or changed supplied model and purpose require review even when current bundle matches
  ✔ SUPPLIED_MODEL_VERSION_UNKNOWN (125.2129ms)
  ✔ SUPPLIED_PURPOSE_UNKNOWN (119.5996ms)
  ✔ SUPPLIED_MODEL_VERSION_MISMATCH (120.2175ms)
  ✔ SUPPLIED_PURPOSE_MISMATCH (120.8383ms)
✔ unknown or changed supplied model and purpose require review even when current bundle matches (486.5961ms)
✔ newly discovered supplied scope mismatch invalidates current assessment and preserves its signed history (206.4867ms)
✔ corrupt or missing document never remains verified; hashes and measure bounds are enforced (143.6751ms)
✔ bundle replacement invalidates only linked snapshots and cannot move between systems (152.7757ms)
✔ altered system or supplier projection cannot be legitimized by a new signed report (117.4685ms)
✔ legacy system facts migrate once to unknown without rewriting historical assessments (127.7502ms)
✔ startup refuses a downgraded and altered system projection without re-signing it (110.3786ms)
✔ startup refuses insert system projection drift (108.2378ms)
✔ startup refuses delete system projection drift (109.3949ms)
✔ startup refuses sql-id system projection drift (109.398ms)
✔ startup verifies every tenant before leaving any partial migration (114.6324ms)
✔ catalog change refuses altered catalog projection before signing review tasks (112.2955ms)
✔ catalog change refuses altered assessment projection before signing review tasks (110.4853ms)
✔ document intake computes the actual binary digest, binds its system, and offers verified original download (21.5225ms)
✔ dynamic file cap rejects oversized and empty files before reading or posting; default remains64KiB (4.5883ms)
✔ document inventory keeps hostile metadata literal and never claims a metadata row proves retrieval (2.0586ms)
✔ changed versions, tampered export bytes and retrieval errors cannot produce a successful download (5.1702ms)
✔ technical gaps remain visible next to a human sufficient assessment and unknown checks are retained (2.0654ms)
✔ typed reported measurements translate alternatives and failure reasons without claiming independent proof or completed effort (1.9775ms)
✔ additional Korean applicability facts preserve unknown, explicit false, zero and separate domains without inferring a bank role (4.6301ms)
✔ all Korean task closure refusals are rendered in the form without closing it or recording success (23.4436ms)
✔ OIDC document intake uses the existing CSRF session and permission failures stay visible (2.3211ms)
✔ missing or partial evidence never displays a positive technical confirmation and current Korean roles remain visible (1.6585ms)
✔ the schema covers the eighteen Korean governance requirements without importing supplier recognition (1.016ms)
✔ notice_pre_delivery: scoped measurement and retrievable document support a human review without issuing a legal verdict (4.597ms)
✔ generated_output_marking: scoped measurement and retrievable document support a human review without issuing a legal verdict (0.4251ms)
✔ realistic_media_disclosure: scoped measurement and retrievable document support a human review without issuing a legal verdict (0.35ms)
✔ safety_risk_management: scoped measurement and retrievable document support a human review without issuing a legal verdict (0.5487ms)
✔ safety_incident_monitoring: scoped measurement and retrievable document support a human review without issuing a legal verdict (0.3382ms)
✔ safety_submission_receipt: scoped measurement and retrievable document support a human review without issuing a legal verdict (0.4038ms)
✔ high_impact_pre_review: scoped measurement and retrievable document support a human review without issuing a legal verdict (0.3066ms)
✔ high_impact_confirmation: scoped measurement and retrievable document support a human review without issuing a legal verdict (0.5109ms)
✔ high_impact_risk_management: scoped measurement and retrievable document support a human review without issuing a legal verdict (0.3225ms)
✔ explanation_plan: scoped measurement and retrievable document support a human review without issuing a legal verdict (0.2255ms)
✔ user_protection: scoped measurement and retrievable document support a human review without issuing a legal verdict (0.1769ms)
✔ oversight_plan: scoped measurement and retrievable document support a human review without issuing a legal verdict (0.7263ms)
✔ document_publication_retention: scoped measurement and retrievable document support a human review without issuing a legal verdict (0.28ms)
✔ impact_assessment: scoped measurement and retrievable document support a human review without issuing a legal verdict (0.3416ms)
✔ impact_effort: scoped measurement and retrievable document support a human review without issuing a legal verdict (0.2215ms)
✔ public_impact_preference: scoped measurement and retrievable document support a human review without issuing a legal verdict (0.1563ms)
✔ certification_effort: scoped measurement and retrievable document support a human review without issuing a legal verdict (0.2406ms)
✔ public_certification_preference: scoped measurement and retrievable document support a human review without issuing a legal verdict (0.164ms)
✔ domestic_representative: scoped measurement and retrievable document support a human review without issuing a legal verdict (0.1765ms)
✔ authority_order_response: scoped measurement and retrievable document support a human review without issuing a legal verdict (0.2122ms)
✔ strict normalization rejects unknown fields, wrong requirement, malformed hashes and misleading metric types (0.636ms)
✔ normalization rejects invalid calendar dates and duplicate or invented document sections (0.4565ms)
✔ self-attestation, external hashes and supplier bundles cannot stand in for typed measured evidence (0.4768ms)
✔ the document must have a validated retrieval snapshot and the exact measured content hash (1.2487ms)
✔ changed purpose, requirement text, model or policy invalidates even a freshly rehashed collector snapshot (0.6322ms)
✔ agent claims, unsigned copied snapshots, stale records and failed or inconclusive measurements remain insufficient (0.8029ms)
✔ linking a later good check does not silently erase a selected failed check (0.3127ms)
✔ notice_pre_delivery: unknown clocks, overlapping intervals, equality and actual late action do not prove prior action (0.8831ms)
✔ high_impact_pre_review: unknown clocks, overlapping intervals, equality and actual late action do not prove prior action (1.1515ms)
✔ impact_assessment: unknown clocks, overlapping intervals, equality and actual late action do not prove prior action (0.7212ms)
✔ impact_effort: unknown clocks, overlapping intervals, equality and actual late action do not prove prior action (0.6241ms)
✔ certification_effort: unknown clocks, overlapping intervals, equality and actual late action do not prove prior action (0.968ms)
✔ machine-readable marking additionally requires detection and a generation notice, while human-readable marking requires perceptibility (0.3965ms)
✔ realistic media tests must cover disclosed outputs, user conditions and accessibility; creative mode preserves enjoyment (0.6313ms)
✔ authority receipts cannot be replaced by telemetry export records or an unaccepted submission (0.9137ms)
✔ confirmation is optional, but a claimed request needs its separate authority receipt and required attachments (0.5737ms)
✔ document publication covers four items, confines exclusions to recorded grounds and tests five-year policy, access and restore (1.217ms)
✔ impact assessment includes six unconditional areas, conditional improvement plan and vulnerable group characteristics (0.799ms)
✔ documented pre-provision efforts are explicitly supported without claiming completed impact assessment or certification (0.5727ms)
✔ public preference needs an actual recorded comparison and rationale rather than assuming all institutions selected a certified product (0.7336ms)
✔ oversight needs its explicit plan measurement plus an authority human reviewer for the same model and policy (3.2016ms)
✔ domestic representative support requires a written mandate including current document review and a domestic presence (0.7655ms)
✔ actual order response requires specified measures, implementation, acceptance and the recorded response deadline (1.0902ms)
✔ unknown and non-Korean requirements never receive a fabricated technical success (0.1209ms)
✔ every reported completed action or receipt rejects a future measurement despite matching hashes and pass result (1.3042ms)
✔ future provision and deadline are planned boundaries and never prove actual provision or business results (0.7578ms)
✔ fixed receipt times and explicit observation clocks are required for completed timestamp claims (1.809ms)
✔ reported observation cannot precede its impossible future fixed receipt and overlapping clock bounds stay unresolved (0.4715ms)
✔ declared completed-time uncertainty cannot conceal a later or overlapping action (0.3091ms)
✔ adding a good measurement cannot erase a selected future completion record (0.2138ms)
✔ human oversight reviews with missing fixed receipt, unknown clocks or future observed completion stay missing (0.7268ms)
✔ verification uses the recorded receipt and repeats identically when the current wall clock changes (0.2343ms)
✔ notice_pre_delivery: a matching current system hash cannot hide a changed or unknown registered provision boundary (0.9965ms)
✔ high_impact_pre_review: a matching current system hash cannot hide a changed or unknown registered provision boundary (1.0924ms)
✔ impact_assessment: a matching current system hash cannot hide a changed or unknown registered provision boundary (1.2492ms)
✔ impact_effort: a matching current system hash cannot hide a changed or unknown registered provision boundary (0.9921ms)
✔ certification_effort: a matching current system hash cannot hide a changed or unknown registered provision boundary (0.7309ms)
✔ all eighteen Korean requirements keep an unfetched attestation insufficient and block closure (690.7547ms)
✔ HMAC source ingestion, retained file and fixed versions support a measured notice review (189.7852ms)
✔ notice after provision cannot clear a review task (147.1619ms)
✔ notice unknown clock cannot clear a review task (148.3934ms)
✔ notice wrong model cannot clear a review task (144.9949ms)
✔ notice failed test cannot clear a review task (142.7763ms)
✔ an AI self-report cannot issue a governance check, nor can a caller inject a frozen snapshot (138.3638ms)
✔ current report and closure both reject changed purpose, expired review, pending legal review and changed law (279.0689ms)
✔ human non-applicability is recorded separately and needs a recoverable basis before closure (147.0946ms)
✔ the existing vault document alone cannot imply publication or a qualified human oversight plan (205.9343ms)
✔ a different government order cannot close a prior order task; a fresh matching response can (203.8792ms)
✔ integrity rejects rule forged projection (120.585ms)
✔ integrity rejects rule missing projection (106.6501ms)
✔ integrity rejects rule extra projection (106.0725ms)
✔ integrity rejects rule sql-id projection (106.4716ms)
✔ integrity rejects rule body-id projection (108.1557ms)
✔ integrity rejects assessment forged projection (108.3599ms)
✔ integrity rejects assessment missing projection (103.0707ms)
✔ integrity rejects assessment extra projection (102.9783ms)
✔ integrity rejects assessment sql-id projection (104.5225ms)
✔ integrity rejects assessment body-id projection (104.584ms)
✔ integrity rejects governance_task forged projection (114.6476ms)
✔ integrity rejects governance_task missing projection (125.1785ms)
✔ integrity rejects governance_task extra projection (101.7608ms)
✔ integrity rejects governance_task sql-id projection (105.0594ms)
✔ integrity rejects governance_task body-id projection (102.9592ms)
✔ integrity rejects identity_access forged projection (105.1505ms)
✔ integrity rejects identity_access missing projection (106.2367ms)
✔ integrity rejects identity_access extra projection (107.1184ms)
✔ integrity rejects identity_access sql-id projection (106.6896ms)
✔ integrity rejects identity_access body-id projection (106.4428ms)
✔ integrity rejects catalog forged projection (108.438ms)
✔ integrity rejects catalog missing projection (105.7278ms)
✔ integrity rejects catalog extra projection (105.8342ms)
✔ integrity rejects catalog sql-id projection (102.4607ms)
✔ integrity rejects catalog body-id projection (145.6386ms)
✔ integrity rejects assistance_profile forged projection (105.6579ms)
✔ integrity rejects assistance_profile missing projection (124.7955ms)
✔ integrity rejects assistance_profile extra projection (164.2425ms)
✔ integrity rejects assistance_profile sql-id projection (110.0077ms)
✔ integrity rejects assistance_profile body-id projection (123.5044ms)
✔ valid latest objects and every assistance profile version survive API verification and backup recovery (347.1075ms)
✔ unknown unsigned object types are rejected by API and backup with the same comparison (141.6068ms)
✔ ordinary asset reads never display an altered unsigned projection (122.0754ms)
✔ ordinary case reads never display an altered unsigned projection (140.6262ms)
✔ ordinary rule reads never display an altered unsigned projection (109.6978ms)
✔ ordinary exception reads never display an altered unsigned projection (127.8642ms)
✔ ordinary system reads never display an altered unsigned projection (122.9387ms)
✔ ordinary supplier_bundle reads never display an altered unsigned projection (121.5436ms)
✔ ordinary assessment reads never display an altered unsigned projection (111.0183ms)
✔ ordinary governance_task reads never display an altered unsigned projection (115.4716ms)
✔ altered asset projection cannot be repaired and re-signed by an ordinary update (101.5465ms)
✔ altered system projection cannot be repaired and re-signed by an ordinary update (129.3598ms)
✔ rule create-version cannot re-sign forged history, authorship or test evidence (117.4989ms)
✔ rule test cannot re-sign forged history, authorship or test evidence (109.0039ms)
✔ rule approve cannot re-sign forged history, authorship or test evidence (105.3803ms)
✔ exception approval cannot sign forged scope, expiry or two-person identities (103.5388ms)
✔ governance task updates preserve signed target and prior evidence (105.4545ms)
✔ rule: missing projection is rejected without a new signed record (101.5996ms)
✔ rule: extra projection is rejected without a new signed record (100.0181ms)
✔ rule: body-id projection is rejected without a new signed record (101.4454ms)
✔ rule: sql-id projection is rejected without a new signed record (100.3073ms)
✔ exception: missing projection is rejected without a new signed record (100.24ms)
✔ exception: extra projection is rejected without a new signed record (99.8066ms)
✔ exception: body-id projection is rejected without a new signed record (100.3705ms)
✔ exception: sql-id projection is rejected without a new signed record (97.3288ms)
✔ governance_task: missing projection is rejected without a new signed record (100.4815ms)
✔ governance_task: extra projection is rejected without a new signed record (101.6831ms)
✔ governance_task: body-id projection is rejected without a new signed record (98.6832ms)
✔ governance_task: sql-id projection is rejected without a new signed record (97.9628ms)
✔ rule tests use signed decrypted events despite tampered, missing and extra event projections (118.2188ms)
✔ projection checks preserve tenant isolation and do not retire or rewrite previous versions on rejection (115.8558ms)
✔ large unrelated signed records are fully hashed without blocking policy edits; oversized policy history fails closed (332.5315ms)
ℹ tests 160
ℹ suites 0
ℹ pass 160
ℹ fail 0
ℹ cancelled 0
ℹ skipped 0
ℹ todo 0
ℹ duration_ms 12901.4124
