✔ finance view keeps verification and consumption in one writer-excluding snapshot (21.016989ms)
✔ finance export keeps verification and consumption in one writer-excluding snapshot (11.996027ms)
✔ finance import keeps verification and consumption in one writer-excluding snapshot (8.315429ms)
✔ finance report keeps verification and consumption in one writer-excluding snapshot (10.994454ms)
✔ finance saved-report keeps verification and consumption in one writer-excluding snapshot (11.259184ms)
✔ successful nested savepoints remain subject to complete outer rollback (4.290289ms)
✔ caught inner failure rolls back its ledger, checkpoint and objects while outer work commits (5.330996ms)
✔ one transaction exposes its pending signed head and publishes only the final checkpoint (4.733748ms)
✔ an existing transaction started outside Store uses a savepoint and is not committed by the helper (6.706825ms)
✔ a busy BEGIN leaves no pending ledger head that can bypass checkpoint publication (5010.275002ms)
✔ transaction callbacks must be synchronous and never commit a returned promise (3.632338ms)
✔ finance refuses evaluation move SQL tampering before reading or signing a mismatched operation (33.85962ms)
✔ finance refuses evaluation swap SQL tampering before reading or signing a mismatched operation (17.513147ms)
✔ finance refuses evaluation version SQL tampering before reading or signing a mismatched operation (17.358108ms)
✔ finance refuses evaluation ordering SQL tampering before reading or signing a mismatched operation (14.863444ms)
✔ finance preserves signed latest evaluation selection and tenant separation for valid history (22.46121ms)
✔ verified supplier bytes, role isolation, immutable signed review and changed model invalidation (128.76338ms)
✔ same private key representation can restore encrypted document bytes (1.304021ms)
▶ unknown or changed supplied model and purpose require review even when current bundle matches
  ✔ SUPPLIED_MODEL_VERSION_UNKNOWN (23.593244ms)
  ✔ SUPPLIED_PURPOSE_UNKNOWN (22.792665ms)
  ✔ SUPPLIED_MODEL_VERSION_MISMATCH (25.309478ms)
  ✔ SUPPLIED_PURPOSE_MISMATCH (20.719328ms)
✔ unknown or changed supplied model and purpose require review even when current bundle matches (93.35609ms)
✔ newly discovered supplied scope mismatch invalidates current assessment and preserves its signed history (93.639909ms)
✔ corrupt or missing document never remains verified; hashes and measure bounds are enforced (34.108756ms)
✔ bundle replacement invalidates only linked snapshots and cannot move between systems (41.261603ms)
✔ altered system or supplier projection cannot be legitimized by a new signed report (15.34032ms)
✔ legacy system facts migrate once to unknown without rewriting historical assessments (17.741425ms)
✔ startup refuses a downgraded and altered system projection without re-signing it (8.832384ms)
✔ startup refuses insert system projection drift (8.204741ms)
✔ startup refuses delete system projection drift (7.602987ms)
✔ startup refuses sql-id system projection drift (8.299817ms)
✔ startup verifies every tenant before leaving any partial migration (14.027536ms)
✔ catalog change refuses altered catalog projection before signing review tasks (8.691526ms)
✔ catalog change refuses altered assessment projection before signing review tasks (9.996386ms)
✔ finance HTTP gateway: bounded verified import, source separation, model change and signed frozen report (616.022253ms)
✔ finance rejects renamed system SQL identities before exporting or signing another target (84.724349ms)
✔ finance rejects swapped system SQL identities before exporting or signing another target (68.76175ms)
✔ finance rejects renamed supplier_bundle SQL identities before exporting or signing another target (65.227113ms)
✔ finance rejects swapped supplier_bundle SQL identities before exporting or signing another target (61.280087ms)
✔ same-tenant object contents cannot be read through a foreign-tenant bundle ID (42.307756ms)
✔ assessment signs a server-computed applicability snapshot and ignores client provenance fields (23.571036ms)
✔ legacy catalog and assessment provenance trigger a signed re-review task without replacing the human conclusion (21.159727ms)
✔ signed finance reports freeze policy provenance while a later fact change only marks the live review stale (36.924505ms)
✔ assessment does not seal body system projection (16.224527ms)
✔ assessment does not seal id system projection (6.870476ms)
✔ assessment does not seal missing system projection (7.495695ms)
✔ assessment does not seal injected system projection (6.512512ms)
✔ unsigned event projection cannot become signed assessment evidence (6.807056ms)
✔ signed event content determines evidence hash; projection changes cannot certify different bytes (9.545261ms)
✔ governance report refuses forged system projection (8.85385ms)
✔ governance report refuses forged assessment projection (8.774285ms)
✔ governance report refuses forged governance_task projection (8.33584ms)
✔ KR-34-DOCUMENT keeps missing document technically insufficient and its task open (41.575242ms)
✔ KR-34-DOCUMENT keeps unhashed external document technically insufficient and its task open (27.292416ms)
✔ KR-34-DOCUMENT keeps unretrievable externally hashed document technically insufficient and its task open (25.43914ms)
✔ a verified tool execution alone leaves risk control insufficient until a scoped risk measurement and actual document are linked (58.05693ms)
✔ reviewer intake stores and retrieves tenant-bound encrypted content-addressed bytes with a five-year metadata snapshot (33.39511ms)
✔ intake rejects non-canonical base64, wrong hashes, oversized bytes, unknown systems and system reassignment (65.942897ms)
✔ a 256 KiB actual document is fully retrievable without treating its hash as a publication measurement (33.809924ms)
✔ assessment binds the signed document system, version, content hash and snapshot then permits task closure only while retrievable (98.954655ms)
✔ new document revision invalidates the assessment and corruption keeps review work open until a new verified snapshot (104.327848ms)
✔ governance document projection tampering is rejected and cannot create a verified assessment (13.066479ms)
✔ HTTP boundary accepts and retrieves a complete 4 MiB document and rejects documents or payloads above their limits (451.169726ms)
✔ vault backup verifies and restores governance document ciphertext and signed metadata without claiming elapsed retention (98.782684ms)
✔ unknown system facts remain unknown and never become an automatic non-applicability decision (1.560332ms)
✔ Korean high-impact and frontier thresholds are evaluated as separate review candidates (0.282894ms)
✔ EU transparency candidates require market, role and feature facts and preserve amendment warning (0.418463ms)
✔ NIST remains voluntary and ISO remains readiness-only (0.207214ms)
✔ Korean article 31 distinguishes high-impact notice, generated output and realistic synthetic media (0.293056ms)
✔ legacy and financial system facts require review without inferring high-impact or a legal role (0.676251ms)
✔ Korean expanded scope facts migrate to unknown without inferring operator, exemption or presence (0.294507ms)
✔ domestic impact supports extraterritorial triage and does not depend only on a KR market label (0.226777ms)
✔ realistic synthetic media triage follows article 31 paragraph 3 independently of generative classification (0.368495ms)
✔ domestic representative thresholds are four OR branches with exact boundaries and foreign-presence AND (0.55959ms)
✔ public procurement duties do not require the institution to supply AI as a business operator (0.245671ms)
✔ a mere user institution is not automatically classified as an AI business operator for any business duty (0.357914ms)
✔ government order is a distinct fact and lack of a current order never becomes automatic compliance (0.166058ms)
✔ Korean catalog states verified legal scope, publication items, seven impact contents and unverified notices (0.298757ms)
✔ document intake computes the actual binary digest, binds its system, and offers verified original download (20.196538ms)
✔ dynamic file cap rejects oversized and empty files before reading or posting; default remains64KiB (4.884279ms)
✔ document inventory keeps hostile metadata literal and never claims a metadata row proves retrieval (2.229437ms)
✔ changed versions, tampered export bytes and retrieval errors cannot produce a successful download (4.852575ms)
✔ technical gaps remain visible next to a human sufficient assessment and unknown checks are retained (1.834524ms)
✔ typed reported measurements translate alternatives and failure reasons without claiming independent proof or completed effort (2.033464ms)
✔ additional Korean applicability facts preserve unknown, explicit false, zero and separate domains without inferring a bank role (3.672359ms)
✔ all Korean task closure refusals are rendered in the form without closing it or recording success (21.317149ms)
✔ OIDC document intake uses the existing CSRF session and permission failures stay visible (2.488283ms)
✔ missing or partial evidence never displays a positive technical confirmation and current Korean roles remain visible (1.861931ms)
✔ self-asserted oversight evidence remains insufficient and leaves a task that cannot be closed (41.176377ms)
✔ oversight plan and review record are each necessary and must bind the current system model and policy (153.067446ms)
✔ document revision makes the bound oversight assessment stale and blocks task closure until reassessment (97.114131ms)
✔ unidentified reviewers are rejected at intake rather than certified by a valid plan hash (8.3926ms)
✔ the schema covers the eighteen Korean governance requirements without importing supplier recognition (1.007917ms)
✔ notice_pre_delivery: scoped measurement and retrievable document support a human review without issuing a legal verdict (2.521695ms)
✔ generated_output_marking: scoped measurement and retrievable document support a human review without issuing a legal verdict (0.416328ms)
✔ realistic_media_disclosure: scoped measurement and retrievable document support a human review without issuing a legal verdict (0.329377ms)
✔ safety_risk_management: scoped measurement and retrievable document support a human review without issuing a legal verdict (0.441474ms)
✔ safety_incident_monitoring: scoped measurement and retrievable document support a human review without issuing a legal verdict (0.3393ms)
✔ safety_submission_receipt: scoped measurement and retrievable document support a human review without issuing a legal verdict (0.525237ms)
✔ high_impact_pre_review: scoped measurement and retrievable document support a human review without issuing a legal verdict (0.394717ms)
✔ high_impact_confirmation: scoped measurement and retrievable document support a human review without issuing a legal verdict (0.628202ms)
✔ high_impact_risk_management: scoped measurement and retrievable document support a human review without issuing a legal verdict (0.395659ms)
✔ explanation_plan: scoped measurement and retrievable document support a human review without issuing a legal verdict (0.407624ms)
✔ user_protection: scoped measurement and retrievable document support a human review without issuing a legal verdict (0.249034ms)
✔ oversight_plan: scoped measurement and retrievable document support a human review without issuing a legal verdict (0.375573ms)
✔ document_publication_retention: scoped measurement and retrievable document support a human review without issuing a legal verdict (0.781601ms)
✔ impact_assessment: scoped measurement and retrievable document support a human review without issuing a legal verdict (0.281779ms)
✔ impact_effort: scoped measurement and retrievable document support a human review without issuing a legal verdict (0.22062ms)
✔ public_impact_preference: scoped measurement and retrievable document support a human review without issuing a legal verdict (0.167126ms)
✔ certification_effort: scoped measurement and retrievable document support a human review without issuing a legal verdict (0.334947ms)
✔ public_certification_preference: scoped measurement and retrievable document support a human review without issuing a legal verdict (0.210074ms)
✔ domestic_representative: scoped measurement and retrievable document support a human review without issuing a legal verdict (0.212307ms)
✔ authority_order_response: scoped measurement and retrievable document support a human review without issuing a legal verdict (0.210345ms)
✔ strict normalization rejects unknown fields, wrong requirement, malformed hashes and misleading metric types (0.595085ms)
✔ normalization rejects invalid calendar dates and duplicate or invented document sections (0.520851ms)
✔ self-attestation, external hashes and supplier bundles cannot stand in for typed measured evidence (0.644417ms)
✔ the document must have a validated retrieval snapshot and the exact measured content hash (1.188638ms)
✔ changed purpose, requirement text, model or policy invalidates even a freshly rehashed collector snapshot (0.806568ms)
✔ agent claims, unsigned copied snapshots, stale records and failed or inconclusive measurements remain insufficient (0.892638ms)
✔ linking a later good check does not silently erase a selected failed check (0.22846ms)
✔ notice_pre_delivery: unknown clocks, overlapping intervals, equality and actual late action do not prove prior action (1.226828ms)
✔ high_impact_pre_review: unknown clocks, overlapping intervals, equality and actual late action do not prove prior action (1.209852ms)
✔ impact_assessment: unknown clocks, overlapping intervals, equality and actual late action do not prove prior action (0.721593ms)
✔ impact_effort: unknown clocks, overlapping intervals, equality and actual late action do not prove prior action (0.731278ms)
✔ certification_effort: unknown clocks, overlapping intervals, equality and actual late action do not prove prior action (1.031654ms)
✔ machine-readable marking additionally requires detection and a generation notice, while human-readable marking requires perceptibility (0.564439ms)
✔ realistic media tests must cover disclosed outputs, user conditions and accessibility; creative mode preserves enjoyment (0.728377ms)
✔ authority receipts cannot be replaced by telemetry export records or an unaccepted submission (0.657042ms)
✔ confirmation is optional, but a claimed request needs its separate authority receipt and required attachments (0.575168ms)
✔ document publication covers four items, confines exclusions to recorded grounds and tests five-year policy, access and restore (1.472367ms)
✔ impact assessment includes six unconditional areas, conditional improvement plan and vulnerable group characteristics (0.615682ms)
✔ documented pre-provision efforts are explicitly supported without claiming completed impact assessment or certification (0.502404ms)
✔ public preference needs an actual recorded comparison and rationale rather than assuming all institutions selected a certified product (0.583315ms)
✔ oversight needs its explicit plan measurement plus an authority human reviewer for the same model and policy (2.942692ms)
✔ domestic representative support requires a written mandate including current document review and a domestic presence (3.796492ms)
✔ actual order response requires specified measures, implementation, acceptance and the recorded response deadline (1.219628ms)
✔ unknown and non-Korean requirements never receive a fabricated technical success (0.124164ms)
✔ every reported completed action or receipt rejects a future measurement despite matching hashes and pass result (1.393636ms)
✔ future provision and deadline are planned boundaries and never prove actual provision or business results (0.843043ms)
✔ fixed receipt times and explicit observation clocks are required for completed timestamp claims (1.86503ms)
✔ reported observation cannot precede its impossible future fixed receipt and overlapping clock bounds stay unresolved (0.417961ms)
✔ declared completed-time uncertainty cannot conceal a later or overlapping action (0.268434ms)
✔ adding a good measurement cannot erase a selected future completion record (0.202403ms)
✔ human oversight reviews with missing fixed receipt, unknown clocks or future observed completion stay missing (0.939378ms)
✔ verification uses the recorded receipt and repeats identically when the current wall clock changes (0.244727ms)
✔ notice_pre_delivery: a matching current system hash cannot hide a changed or unknown registered provision boundary (0.871643ms)
✔ high_impact_pre_review: a matching current system hash cannot hide a changed or unknown registered provision boundary (0.859489ms)
✔ impact_assessment: a matching current system hash cannot hide a changed or unknown registered provision boundary (1.101747ms)
✔ impact_effort: a matching current system hash cannot hide a changed or unknown registered provision boundary (0.73735ms)
✔ certification_effort: a matching current system hash cannot hide a changed or unknown registered provision boundary (0.76072ms)
✔ Korean governance across independent ingress, vault and audit processes preserves measured scope and frozen evidence (718.066482ms)
✔ all eighteen Korean requirements keep an unfetched attestation insufficient and block closure (459.260917ms)
✔ HMAC source ingestion, retained file and fixed versions support a measured notice review (64.13283ms)
✔ notice after provision cannot clear a review task (33.986032ms)
✔ notice unknown clock cannot clear a review task (39.383113ms)
✔ notice wrong model cannot clear a review task (35.983371ms)
✔ notice failed test cannot clear a review task (37.537136ms)
✔ an AI self-report cannot issue a governance check, nor can a caller inject a frozen snapshot (27.827304ms)
✔ current report and closure both reject changed purpose, expired review, pending legal review and changed law (136.993391ms)
✔ human non-applicability is recorded separately and needs a recoverable basis before closure (37.676139ms)
✔ the existing vault document alone cannot imply publication or a qualified human oversight plan (69.730906ms)
✔ a different government order cannot close a prior order task; a fresh matching response can (67.833436ms)
✔ integrity rejects rule forged projection (22.091589ms)
✔ integrity rejects rule missing projection (7.95054ms)
✔ integrity rejects rule extra projection (6.761439ms)
✔ integrity rejects rule sql-id projection (7.114104ms)
✔ integrity rejects rule body-id projection (7.248816ms)
✔ integrity rejects assessment forged projection (7.576359ms)
✔ integrity rejects assessment missing projection (7.917161ms)
✔ integrity rejects assessment extra projection (6.912956ms)
✔ integrity rejects assessment sql-id projection (7.298976ms)
✔ integrity rejects assessment body-id projection (6.530384ms)
✔ integrity rejects governance_task forged projection (7.535102ms)
✔ integrity rejects governance_task missing projection (6.764769ms)
✔ integrity rejects governance_task extra projection (6.448761ms)
✔ integrity rejects governance_task sql-id projection (7.743211ms)
✔ integrity rejects governance_task body-id projection (7.118504ms)
✔ integrity rejects identity_access forged projection (6.529829ms)
✔ integrity rejects identity_access missing projection (6.550743ms)
✔ integrity rejects identity_access extra projection (6.061722ms)
✔ integrity rejects identity_access sql-id projection (6.37702ms)
✔ integrity rejects identity_access body-id projection (5.825847ms)
✔ integrity rejects catalog forged projection (6.581944ms)
✔ integrity rejects catalog missing projection (5.74787ms)
✔ integrity rejects catalog extra projection (5.344175ms)
✔ integrity rejects catalog sql-id projection (5.686506ms)
✔ integrity rejects catalog body-id projection (6.017449ms)
✔ integrity rejects assistance_profile forged projection (5.868444ms)
✔ integrity rejects assistance_profile missing projection (5.909657ms)
✔ integrity rejects assistance_profile extra projection (6.012805ms)
✔ integrity rejects assistance_profile sql-id projection (7.243667ms)
✔ integrity rejects assistance_profile body-id projection (5.970683ms)
✔ valid latest objects and every assistance profile version survive API verification and backup recovery (47.735879ms)
✔ unknown unsigned object types are rejected by API and backup with the same comparison (7.200298ms)
✔ ordinary asset reads never display an altered unsigned projection (5.840972ms)
✔ ordinary case reads never display an altered unsigned projection (5.565442ms)
✔ ordinary rule reads never display an altered unsigned projection (5.183002ms)
✔ ordinary exception reads never display an altered unsigned projection (4.938093ms)
✔ ordinary system reads never display an altered unsigned projection (5.562295ms)
✔ ordinary supplier_bundle reads never display an altered unsigned projection (5.706355ms)
✔ ordinary assessment reads never display an altered unsigned projection (5.769998ms)
✔ ordinary governance_task reads never display an altered unsigned projection (5.877114ms)
✔ altered asset projection cannot be repaired and re-signed by an ordinary update (5.423762ms)
✔ altered system projection cannot be repaired and re-signed by an ordinary update (4.701481ms)
▶ OIDC provider → audit gateway → vault: authenticated identity, isolation and revocation
  ✔ server-owned issuer/subject mapping ignores injected role and tenant claims (128.642665ms)
  ✔ invalid token claims, signature, authentication strength and response state never create sessions (109.327457ms)
  ✔ callback replay and swapped browser flow cookies cannot issue sessions (14.072639ms)
  ✔ cookie mutations require fixed Origin and CSRF; role and tenant checks still apply (59.38876ms)
  ✔ collector HMAC and worker service credentials remain usable (39.767866ms)
  ✔ revocation is immediate, disable blocks new login, enable does not revive old sessions (43.190497ms)
  ✔ logout ends only the app session and verifies CSRF (16.182721ms)
  ✔ restart invalidates sessions; signed access state survives projection tampering and backup recovery (323.7415ms)
  ✔ audit exports, database files and process logs contain no authentication secrets (18.49286ms)
  ✔ absolute and idle expiration are enforced on the server; expired login flow is never exchanged (23.225451ms)
  ✔ untrusted discovery issuer or endpoint origins are rejected before authorization redirect (6.292ms)
✔ OIDC provider → audit gateway → vault: authenticated identity, isolation and revocation (1217.383931ms)
✔ enterprise transport and principal binding fail closed at configuration time (0.53803ms)
✔ rule create-version cannot re-sign forged history, authorship or test evidence (16.254692ms)
✔ rule test cannot re-sign forged history, authorship or test evidence (7.959806ms)
✔ rule approve cannot re-sign forged history, authorship or test evidence (7.879521ms)
✔ exception approval cannot sign forged scope, expiry or two-person identities (8.465998ms)
✔ governance task updates preserve signed target and prior evidence (8.427796ms)
✔ rule: missing projection is rejected without a new signed record (5.581002ms)
✔ rule: extra projection is rejected without a new signed record (6.023896ms)
✔ rule: body-id projection is rejected without a new signed record (5.47841ms)
✔ rule: sql-id projection is rejected without a new signed record (5.47139ms)
✔ exception: missing projection is rejected without a new signed record (5.888128ms)
✔ exception: extra projection is rejected without a new signed record (4.812656ms)
✔ exception: body-id projection is rejected without a new signed record (4.36471ms)
✔ exception: sql-id projection is rejected without a new signed record (4.481096ms)
✔ governance_task: missing projection is rejected without a new signed record (5.976074ms)
✔ governance_task: extra projection is rejected without a new signed record (4.437244ms)
✔ governance_task: body-id projection is rejected without a new signed record (4.379024ms)
✔ governance_task: sql-id projection is rejected without a new signed record (4.426965ms)
✔ rule tests use signed decrypted events despite tampered, missing and extra event projections (12.137257ms)
✔ projection checks preserve tenant isolation and do not retire or rewrite previous versions on rejection (10.120632ms)
✔ large unrelated signed records are fully hashed without blocking policy edits; oversized policy history fails closed (82.318516ms)
✔ six governance scenarios pass without network or model transport (2168.320231ms)
✔ CLI produces a report and refuses to overwrite an existing deliverable (2223.297199ms)
✔ online WAL snapshot restores both tenants, historic documents, signed report and exact evidence (167.943399ms)
✔ ciphertext tamper, extra members and stale independent anchors fail before publication (65.798026ms)
✔ wrong vault key, forged manifest and absent external anchor are rejected (41.545882ms)
✔ forged object projections cannot be certified by a new backup (24.955842ms)
✔ actions-only tenants cannot be omitted from whole-vault backup verification (29.758417ms)
✔ a signed legacy archive omitting an actions-only tenant fails restore before publication (10.794547ms)
✔ missing source or archived document fails recovery and never leaves plaintext staging files (51.196814ms)
✔ SQL tenant relabeling and event index tampering cannot be sealed into a valid backup (51.49783ms)
▶ development event content, deletion, and index tampering fail signed snapshot verification
  ✔ content (54.979ms)
  ✔ delete (57.852692ms)
  ✔ index (55.842815ms)
✔ development event content, deletion, and index tampering fail signed snapshot verification (169.404345ms)
✔ mixed-case development IDs use identical ordering for signed and SQL records (50.659943ms)
✔ restoration never overwrites an existing directory or crosses a symlink (36.445744ms)
✔ deleted event keys stay deleted after snapshot recovery (61.345682ms)
✔ actual restored HTTP vault serves supplier bytes and preserves tenant access boundaries (446.98606ms)
✔ operator CLI creates an external anchor and restores without copying credentials (231.07603ms)
ℹ tests 257
ℹ suites 0
ℹ pass 257
ℹ fail 0
ℹ cancelled 0
ℹ skipped 0
ℹ todo 0
ℹ duration_ms 19199.844315
