✔ verified supplier bytes, role isolation, immutable signed review and changed model invalidation (282.1069ms)
✔ same private key representation can restore encrypted document bytes (4.5915ms)
▶ unknown or changed supplied model and purpose require review even when current bundle matches
  ✔ SUPPLIED_MODEL_VERSION_UNKNOWN (124.5643ms)
  ✔ SUPPLIED_PURPOSE_UNKNOWN (123.2412ms)
  ✔ SUPPLIED_MODEL_VERSION_MISMATCH (118.3244ms)
  ✔ SUPPLIED_PURPOSE_MISMATCH (120.8444ms)
✔ unknown or changed supplied model and purpose require review even when current bundle matches (487.7968ms)
✔ newly discovered supplied scope mismatch invalidates current assessment and preserves its signed history (205.0148ms)
✔ corrupt or missing document never remains verified; hashes and measure bounds are enforced (148.3637ms)
✔ bundle replacement invalidates only linked snapshots and cannot move between systems (154.3756ms)
✔ altered system or supplier projection cannot be legitimized by a new signed report (117.0497ms)
✔ legacy system facts migrate once to unknown without rewriting historical assessments (135.5354ms)
✔ startup refuses a downgraded and altered system projection without re-signing it (109.95ms)
✔ startup refuses insert system projection drift (111.5365ms)
✔ startup refuses delete system projection drift (113.4825ms)
✔ startup refuses sql-id system projection drift (110.5525ms)
✔ startup verifies every tenant before leaving any partial migration (117.5335ms)
✔ catalog change refuses altered catalog projection before signing review tasks (113.9767ms)
✔ catalog change refuses altered assessment projection before signing review tasks (112.9293ms)
✔ finance HTTP gateway: bounded verified import, source separation, model change and signed frozen report (1136.4349ms)
✔ actual finance HTTP keeps reserved supplier, purpose and model aliases unknown in current views and signed reports (3417.7887ms)
✔ normal finance references retain exact case-sensitive matching and historical signed bundle and report snapshots (1173.9934ms)
✔ governance reviewer boundary rejects auditor mutation before signed state changes across gateways and restart (1049.7559ms)
✔ unknown system facts remain unknown and never become an automatic non-applicability decision (2.4551ms)
✔ Korean high-impact and frontier thresholds are evaluated as separate review candidates (0.2731ms)
✔ EU transparency candidates require market, role and feature facts and preserve amendment warning (0.2746ms)
✔ NIST remains voluntary and ISO remains readiness-only (0.1427ms)
✔ Korean article 31 distinguishes high-impact notice, generated output and realistic synthetic media (0.241ms)
✔ legacy and financial system facts require review without inferring high-impact or a legal role (0.6589ms)
✔ Korean expanded scope facts migrate to unknown without inferring operator, exemption or presence (0.2166ms)
✔ domestic impact supports extraterritorial triage and does not depend only on a KR market label (0.269ms)
✔ realistic synthetic media triage follows article 31 paragraph 3 independently of generative classification (0.2485ms)
✔ domestic representative thresholds are four OR branches with exact boundaries and foreign-presence AND (0.4556ms)
✔ public procurement duties do not require the institution to supply AI as a business operator (0.1826ms)
✔ a mere user institution is not automatically classified as an AI business operator for any business duty (0.2204ms)
✔ government order is a distinct fact and lack of a current order never becomes automatic compliance (0.1234ms)
✔ Korean catalog states verified legal scope, publication items, seven impact contents and unverified notices (0.2635ms)
✔ KR-33 HTTP keeps mandatory review separate from optional request evidence and preserves frozen tenant history (1688.9ms)
✔ the schema covers eighteen requirements and confines supplier review alternatives to article34 measures1 through3 (1.2824ms)
✔ notice_pre_delivery: scoped measurement and retrievable document support a human review without issuing a legal verdict (3.2876ms)
✔ generated_output_marking: scoped measurement and retrievable document support a human review without issuing a legal verdict (0.3572ms)
✔ realistic_media_disclosure: scoped measurement and retrievable document support a human review without issuing a legal verdict (0.2772ms)
✔ safety_risk_management: scoped measurement and retrievable document support a human review without issuing a legal verdict (0.3341ms)
✔ safety_incident_monitoring: scoped measurement and retrievable document support a human review without issuing a legal verdict (0.3036ms)
✔ safety_submission_receipt: scoped measurement and retrievable document support a human review without issuing a legal verdict (0.3219ms)
✔ high_impact_pre_review: scoped measurement and retrievable document support a human review without issuing a legal verdict (0.3703ms)
✔ high_impact_confirmation: scoped measurement and retrievable document support a human review without issuing a legal verdict (0.6695ms)
✔ high_impact_risk_management: scoped measurement and retrievable document support a human review without issuing a legal verdict (0.3762ms)
✔ explanation_plan: scoped measurement and retrievable document support a human review without issuing a legal verdict (0.2611ms)
✔ user_protection: scoped measurement and retrievable document support a human review without issuing a legal verdict (0.1763ms)
✔ oversight_plan: scoped measurement and retrievable document support a human review without issuing a legal verdict (0.7513ms)
✔ document_publication_retention: scoped measurement and retrievable document support a human review without issuing a legal verdict (0.228ms)
✔ impact_assessment: scoped measurement and retrievable document support a human review without issuing a legal verdict (0.196ms)
✔ impact_effort: scoped measurement and retrievable document support a human review without issuing a legal verdict (0.1651ms)
✔ public_impact_preference: scoped measurement and retrievable document support a human review without issuing a legal verdict (0.132ms)
✔ certification_effort: scoped measurement and retrievable document support a human review without issuing a legal verdict (0.1961ms)
✔ public_certification_preference: scoped measurement and retrievable document support a human review without issuing a legal verdict (0.1471ms)
✔ domestic_representative: scoped measurement and retrievable document support a human review without issuing a legal verdict (0.284ms)
✔ authority_order_response: scoped measurement and retrievable document support a human review without issuing a legal verdict (0.2291ms)
✔ strict normalization rejects unknown fields, wrong requirement, malformed hashes and misleading metric types (0.5296ms)
✔ normalization rejects invalid calendar dates and duplicate or invented document sections (0.4209ms)
✔ self-attestation, external hashes and supplier bundles cannot stand in for typed measured evidence (0.5599ms)
✔ the document must have a validated retrieval snapshot and the exact measured content hash (1.2115ms)
✔ changed purpose, requirement text, model or policy invalidates even a freshly rehashed collector snapshot (0.5777ms)
✔ agent claims, unsigned copied snapshots, stale records and failed or inconclusive measurements remain insufficient (0.7373ms)
✔ linking a later good check does not silently erase a selected failed check (0.2359ms)
✔ notice_pre_delivery: unknown clocks, overlapping intervals, equality and actual late action do not prove prior action (0.8747ms)
✔ high_impact_pre_review: unknown clocks, overlapping intervals, equality and actual late action do not prove prior action (1.1238ms)
✔ impact_assessment: unknown clocks, overlapping intervals, equality and actual late action do not prove prior action (0.8265ms)
✔ impact_effort: unknown clocks, overlapping intervals, equality and actual late action do not prove prior action (0.6308ms)
✔ certification_effort: unknown clocks, overlapping intervals, equality and actual late action do not prove prior action (0.9351ms)
✔ machine-readable marking additionally requires detection and a generation notice, while human-readable marking requires perceptibility (0.3597ms)
✔ realistic media tests must cover disclosed outputs, user conditions and accessibility; creative mode preserves enjoyment (0.4961ms)
✔ authority receipts cannot be replaced by telemetry export records or an unaccepted submission (0.5747ms)
✔ a completed pre-review stays supported when an optional confirmation request has no receipt (0.3777ms)
✔ optional request evidence remains independently insufficient for failed, unauthenticated or mismatched receipts (3.8524ms)
✔ confirmation never replaces missing, contradictory, late or stale mandatory pre-review evidence (1.8717ms)
✔ document publication covers four items, confines exclusions to recorded grounds and tests five-year policy, access and restore (1.0708ms)
✔ impact assessment includes six unconditional areas, conditional improvement plan and vulnerable group characteristics (0.6073ms)
✔ documented pre-provision efforts are explicitly supported without claiming completed impact assessment or certification (0.4484ms)
✔ public preference needs an actual recorded comparison and rationale rather than assuming all institutions selected a certified product (0.5686ms)
✔ oversight needs its explicit plan measurement plus an authority human reviewer for the same model and policy (2.6953ms)
✔ domestic representative support requires a written mandate including current document review and a domestic presence (0.4594ms)
✔ actual order response requires specified measures, implementation, acceptance and the recorded response deadline (1.027ms)
✔ unknown and non-Korean requirements never receive a fabricated technical success (0.1104ms)
✔ every reported completed action or receipt rejects a future measurement despite matching hashes and pass result (1.3041ms)
✔ future provision and deadline are planned boundaries and never prove actual provision or business results (0.6591ms)
✔ fixed receipt times and explicit observation clocks are required for completed timestamp claims (1.8261ms)
✔ reported observation cannot precede its impossible future fixed receipt and overlapping clock bounds stay unresolved (0.4849ms)
✔ declared completed-time uncertainty cannot conceal a later or overlapping action (0.2961ms)
✔ adding a good measurement cannot erase a selected future completion record (0.2104ms)
✔ human oversight reviews with missing fixed receipt, unknown clocks or future observed completion stay missing (0.8562ms)
✔ verification uses the recorded receipt and repeats identically when the current wall clock changes (0.2483ms)
✔ notice_pre_delivery: a matching current system hash cannot hide a changed or unknown registered provision boundary (0.8173ms)
✔ high_impact_pre_review: a matching current system hash cannot hide a changed or unknown registered provision boundary (0.7149ms)
✔ impact_assessment: a matching current system hash cannot hide a changed or unknown registered provision boundary (1.1462ms)
✔ impact_effort: a matching current system hash cannot hide a changed or unknown registered provision boundary (0.6729ms)
✔ certification_effort: a matching current system hash cannot hide a changed or unknown registered provision boundary (0.7336ms)
✔ all eighteen Korean requirements keep an unfetched attestation insufficient and block closure (833.3381ms)
✔ HMAC source ingestion, retained file and fixed versions support a measured notice review (180.0249ms)
✔ notice after provision cannot clear a review task (150.0962ms)
✔ notice unknown clock cannot clear a review task (153.5299ms)
✔ notice wrong model cannot clear a review task (152.8616ms)
✔ notice failed test cannot clear a review task (145.5533ms)
✔ an AI self-report cannot issue a governance check, nor can a caller inject a frozen snapshot (139.8388ms)
✔ current report and closure both reject changed purpose, expired review, pending legal review and changed law (284.8417ms)
✔ human non-applicability is recorded separately and needs a recoverable basis before closure (150.7149ms)
✔ the existing vault document alone cannot imply publication or a qualified human oversight plan (205.5628ms)
✔ a different government order cannot close a prior order task; a fresh matching response can (204.3338ms)
✔ reviewed supplier performance evidence supports only each scoped article34 measure without issuing a legal verdict (5.275ms)
✔ a bundle or acknowledgement cannot replace scoped supplier-performance review and exact evidence bindings (4.3018ms)
✔ supplier alternatives cannot replace pre-review, oversight, documents or erase a selected failed measurement (1.2457ms)
✔ actual supplier HTTP intake binds reviewed scope, survives restart and preserves signed tenant history (2130.1569ms)
ℹ tests 113
ℹ suites 0
ℹ pass 113
ℹ fail 0
ℹ cancelled 0
ℹ skipped 0
ℹ todo 0
ℹ duration_ms 16640.3341
