✔ verified supplier bytes, role isolation, immutable signed review and changed model invalidation (243.6541ms)
✔ same private key representation can restore encrypted document bytes (4.1965ms)
▶ unknown or changed supplied model and purpose require review even when current bundle matches
  ✔ SUPPLIED_MODEL_VERSION_UNKNOWN (124.5035ms)
  ✔ SUPPLIED_PURPOSE_UNKNOWN (120.5037ms)
  ✔ SUPPLIED_MODEL_VERSION_MISMATCH (120.2859ms)
  ✔ SUPPLIED_PURPOSE_MISMATCH (138.4287ms)
✔ unknown or changed supplied model and purpose require review even when current bundle matches (504.4386ms)
✔ newly discovered supplied scope mismatch invalidates current assessment and preserves its signed history (213.1363ms)
✔ corrupt or missing document never remains verified; hashes and measure bounds are enforced (194.2777ms)
✔ bundle replacement invalidates only linked snapshots and cannot move between systems (158.5154ms)
✔ altered system or supplier projection cannot be legitimized by a new signed report (116.0878ms)
✔ legacy system facts migrate once to unknown without rewriting historical assessments (126.8239ms)
✔ startup refuses a downgraded and altered system projection without re-signing it (111.2798ms)
✔ startup refuses insert system projection drift (120.2845ms)
✔ startup refuses delete system projection drift (117.2548ms)
✔ startup refuses sql-id system projection drift (110.6806ms)
✔ startup verifies every tenant before leaving any partial migration (117.7607ms)
✔ catalog change refuses altered catalog projection before signing review tasks (111.9006ms)
✔ catalog change refuses altered assessment projection before signing review tasks (111.5806ms)
✖ finance HTTP gateway: bounded verified import, source separation, model change and signed frozen report (1531.2338ms)
✔ actual finance HTTP keeps reserved supplier, purpose and model aliases unknown in current views and signed reports (3591.6536ms)
✔ normal finance references retain exact case-sensitive matching and historical signed bundle and report snapshots (1350.4194ms)
✔ governance reviewer boundary rejects auditor mutation before signed state changes across gateways and restart (1187.7022ms)
✔ unknown system facts remain unknown and never become an automatic non-applicability decision (2.8643ms)
✔ Korean high-impact and frontier thresholds are evaluated as separate review candidates (0.3313ms)
✔ EU transparency candidates require market, role and feature facts and preserve amendment warning (0.4385ms)
✔ NIST remains voluntary and ISO remains readiness-only (0.1732ms)
✔ Korean article 31 distinguishes high-impact notice, generated output and realistic synthetic media (0.2837ms)
✔ legacy and financial system facts require review without inferring high-impact or a legal role (0.797ms)
✔ Korean expanded scope facts migrate to unknown without inferring operator, exemption or presence (0.2527ms)
✔ domestic impact supports extraterritorial triage and does not depend only on a KR market label (0.2205ms)
✔ realistic synthetic media triage follows article 31 paragraph 3 independently of generative classification (0.2432ms)
✔ domestic representative thresholds are four OR branches with exact boundaries and foreign-presence AND (0.4967ms)
✔ public procurement duties do not require the institution to supply AI as a business operator (0.1889ms)
✔ a mere user institution is not automatically classified as an AI business operator for any business duty (0.2312ms)
✔ government order is a distinct fact and lack of a current order never becomes automatic compliance (0.1959ms)
✔ Korean catalog states verified legal scope, publication items, seven impact contents and unverified notices (0.2668ms)
✔ KR-33 HTTP keeps mandatory review separate from optional request evidence and preserves frozen tenant history (1617.1591ms)
✔ the schema covers eighteen requirements and confines supplier review alternatives to article34 measures1 through3 (1.2918ms)
✔ notice_pre_delivery: scoped measurement and retrievable document support a human review without issuing a legal verdict (3.2701ms)
✔ generated_output_marking: scoped measurement and retrievable document support a human review without issuing a legal verdict (0.3587ms)
✔ realistic_media_disclosure: scoped measurement and retrievable document support a human review without issuing a legal verdict (0.3945ms)
✔ safety_risk_management: scoped measurement and retrievable document support a human review without issuing a legal verdict (0.3635ms)
✔ safety_incident_monitoring: scoped measurement and retrievable document support a human review without issuing a legal verdict (0.3022ms)
✔ safety_submission_receipt: scoped measurement and retrievable document support a human review without issuing a legal verdict (0.3298ms)
✔ high_impact_pre_review: scoped measurement and retrievable document support a human review without issuing a legal verdict (0.387ms)
✔ high_impact_confirmation: scoped measurement and retrievable document support a human review without issuing a legal verdict (0.864ms)
✔ high_impact_risk_management: scoped measurement and retrievable document support a human review without issuing a legal verdict (0.4266ms)
✔ explanation_plan: scoped measurement and retrievable document support a human review without issuing a legal verdict (0.2661ms)
✔ user_protection: scoped measurement and retrievable document support a human review without issuing a legal verdict (0.2251ms)
✔ oversight_plan: scoped measurement and retrievable document support a human review without issuing a legal verdict (0.8459ms)
✔ document_publication_retention: scoped measurement and retrievable document support a human review without issuing a legal verdict (0.2332ms)
✔ impact_assessment: scoped measurement and retrievable document support a human review without issuing a legal verdict (0.202ms)
✔ impact_effort: scoped measurement and retrievable document support a human review without issuing a legal verdict (0.1755ms)
✔ public_impact_preference: scoped measurement and retrievable document support a human review without issuing a legal verdict (0.1455ms)
✔ certification_effort: scoped measurement and retrievable document support a human review without issuing a legal verdict (0.2194ms)
✔ public_certification_preference: scoped measurement and retrievable document support a human review without issuing a legal verdict (0.1436ms)
✔ domestic_representative: scoped measurement and retrievable document support a human review without issuing a legal verdict (0.1819ms)
✔ authority_order_response: scoped measurement and retrievable document support a human review without issuing a legal verdict (0.3681ms)
✔ strict normalization rejects unknown fields, wrong requirement, malformed hashes and misleading metric types (0.5551ms)
✔ normalization rejects invalid calendar dates and duplicate or invented document sections (0.4364ms)
✔ self-attestation, external hashes and supplier bundles cannot stand in for typed measured evidence (0.6311ms)
✔ the document must have a validated retrieval snapshot and the exact measured content hash (1.3163ms)
✔ changed purpose, requirement text, model or policy invalidates even a freshly rehashed collector snapshot (0.6982ms)
✔ agent claims, unsigned copied snapshots, stale records and failed or inconclusive measurements remain insufficient (0.7846ms)
✔ linking a later good check does not silently erase a selected failed check (0.2273ms)
✔ notice_pre_delivery: unknown clocks, overlapping intervals, equality and actual late action do not prove prior action (0.9115ms)
✔ high_impact_pre_review: unknown clocks, overlapping intervals, equality and actual late action do not prove prior action (1.154ms)
✔ impact_assessment: unknown clocks, overlapping intervals, equality and actual late action do not prove prior action (0.6854ms)
✔ impact_effort: unknown clocks, overlapping intervals, equality and actual late action do not prove prior action (0.707ms)
✔ certification_effort: unknown clocks, overlapping intervals, equality and actual late action do not prove prior action (0.8076ms)
✔ machine-readable marking additionally requires detection and a generation notice, while human-readable marking requires perceptibility (0.3819ms)
✔ realistic media tests must cover disclosed outputs, user conditions and accessibility; creative mode preserves enjoyment (0.4825ms)
✔ authority receipts cannot be replaced by telemetry export records or an unaccepted submission (0.57ms)
✔ a completed pre-review stays supported when an optional confirmation request has no receipt (0.367ms)
✔ optional request evidence remains independently insufficient for failed, unauthenticated or mismatched receipts (3.6031ms)
✔ confirmation never replaces missing, contradictory, late or stale mandatory pre-review evidence (1.8155ms)
✔ document publication covers four items, confines exclusions to recorded grounds and tests five-year policy, access and restore (0.9337ms)
✔ impact assessment includes six unconditional areas, conditional improvement plan and vulnerable group characteristics (0.5233ms)
✔ documented pre-provision efforts are explicitly supported without claiming completed impact assessment or certification (0.4961ms)
✔ public preference needs an actual recorded comparison and rationale rather than assuming all institutions selected a certified product (0.7159ms)
✔ oversight needs its explicit plan measurement plus an authority human reviewer for the same model and policy (2.8842ms)
✔ domestic representative support requires a written mandate including current document review and a domestic presence (0.4588ms)
✔ actual order response requires specified measures, implementation, acceptance and the recorded response deadline (0.9877ms)
✔ unknown and non-Korean requirements never receive a fabricated technical success (0.1138ms)
✔ every reported completed action or receipt rejects a future measurement despite matching hashes and pass result (1.349ms)
✔ future provision and deadline are planned boundaries and never prove actual provision or business results (0.8179ms)
✔ fixed receipt times and explicit observation clocks are required for completed timestamp claims (1.77ms)
✔ reported observation cannot precede its impossible future fixed receipt and overlapping clock bounds stay unresolved (0.5057ms)
✔ declared completed-time uncertainty cannot conceal a later or overlapping action (0.2691ms)
✔ adding a good measurement cannot erase a selected future completion record (0.1901ms)
✔ human oversight reviews with missing fixed receipt, unknown clocks or future observed completion stay missing (0.679ms)
✔ verification uses the recorded receipt and repeats identically when the current wall clock changes (0.2137ms)
✔ notice_pre_delivery: a matching current system hash cannot hide a changed or unknown registered provision boundary (0.7424ms)
✔ high_impact_pre_review: a matching current system hash cannot hide a changed or unknown registered provision boundary (0.6753ms)
✔ impact_assessment: a matching current system hash cannot hide a changed or unknown registered provision boundary (1.1463ms)
✔ impact_effort: a matching current system hash cannot hide a changed or unknown registered provision boundary (0.6926ms)
✔ certification_effort: a matching current system hash cannot hide a changed or unknown registered provision boundary (0.9093ms)
✔ all eighteen Korean requirements keep an unfetched attestation insufficient and block closure (615.9352ms)
✔ HMAC source ingestion, retained file and fixed versions support a measured notice review (175.7851ms)
✔ notice after provision cannot clear a review task (146.0018ms)
✔ notice unknown clock cannot clear a review task (141.9249ms)
✔ notice wrong model cannot clear a review task (143.8257ms)
✔ notice failed test cannot clear a review task (145.3332ms)
✔ an AI self-report cannot issue a governance check, nor can a caller inject a frozen snapshot (138.8965ms)
✔ current report and closure both reject changed purpose, expired review, pending legal review and changed law (283.743ms)
✔ human non-applicability is recorded separately and needs a recoverable basis before closure (145.3124ms)
✔ the existing vault document alone cannot imply publication or a qualified human oversight plan (199.4442ms)
✔ a different government order cannot close a prior order task; a fresh matching response can (206.96ms)
✔ reviewed supplier performance evidence supports only each scoped article34 measure without issuing a legal verdict (5.039ms)
✔ a bundle or acknowledgement cannot replace scoped supplier-performance review and exact evidence bindings (5.0608ms)
✔ supplier alternatives cannot replace pre-review, oversight, documents or erase a selected failed measurement (1.3363ms)
✔ actual supplier HTTP intake binds reviewed scope, survives restart and preserves signed tenant history (1920.3521ms)
ℹ tests 113
ℹ suites 0
ℹ pass 112
ℹ fail 1
ℹ cancelled 0
ℹ skipped 0
ℹ todo 0
ℹ duration_ms 17127.5493

✖ failing tests:

test at test\finance-http.test.mjs:8:1
✖ finance HTTP gateway: bounded verified import, source separation, model change and signed frozen report (1531.2338ms)
  [TypeError: fetch failed] {
    [cause]: Error: read ECONNRESET
        at TCP.onStreamRead (node:internal/stream_base_commons:216:20) {
      errno: -4077,
      code: 'ECONNRESET',
      syscall: 'read'
    }
  }
