✔ the schema covers eighteen requirements and confines supplier review alternatives to article34 measures1 through3 (1.4274ms)
✔ notice_pre_delivery: scoped measurement and retrievable document support a human review without issuing a legal verdict (3.928ms)
✔ generated_output_marking: scoped measurement and retrievable document support a human review without issuing a legal verdict (0.3824ms)
✔ realistic_media_disclosure: scoped measurement and retrievable document support a human review without issuing a legal verdict (0.3143ms)
✔ safety_risk_management: scoped measurement and retrievable document support a human review without issuing a legal verdict (0.3791ms)
✔ safety_incident_monitoring: scoped measurement and retrievable document support a human review without issuing a legal verdict (0.2871ms)
✔ safety_submission_receipt: scoped measurement and retrievable document support a human review without issuing a legal verdict (0.44ms)
✔ high_impact_pre_review: scoped measurement and retrievable document support a human review without issuing a legal verdict (0.467ms)
✔ high_impact_confirmation: scoped measurement and retrievable document support a human review without issuing a legal verdict (0.6451ms)
✔ high_impact_risk_management: scoped measurement and retrievable document support a human review without issuing a legal verdict (0.3494ms)
✔ explanation_plan: scoped measurement and retrievable document support a human review without issuing a legal verdict (0.328ms)
✔ user_protection: scoped measurement and retrievable document support a human review without issuing a legal verdict (0.2252ms)
✔ oversight_plan: scoped measurement and retrievable document support a human review without issuing a legal verdict (0.7035ms)
✔ document_publication_retention: scoped measurement and retrievable document support a human review without issuing a legal verdict (0.2192ms)
✔ impact_assessment: scoped measurement and retrievable document support a human review without issuing a legal verdict (0.1959ms)
✔ impact_effort: scoped measurement and retrievable document support a human review without issuing a legal verdict (0.1646ms)
✔ public_impact_preference: scoped measurement and retrievable document support a human review without issuing a legal verdict (0.1321ms)
✔ certification_effort: scoped measurement and retrievable document support a human review without issuing a legal verdict (0.194ms)
✔ public_certification_preference: scoped measurement and retrievable document support a human review without issuing a legal verdict (0.1372ms)
✔ domestic_representative: scoped measurement and retrievable document support a human review without issuing a legal verdict (0.1811ms)
✔ authority_order_response: scoped measurement and retrievable document support a human review without issuing a legal verdict (0.2498ms)
✔ strict normalization rejects unknown fields, wrong requirement, malformed hashes and misleading metric types (0.5601ms)
✔ normalization rejects invalid calendar dates and duplicate or invented document sections (0.4267ms)
✔ self-attestation, external hashes and supplier bundles cannot stand in for typed measured evidence (0.7828ms)
✔ the document must have a validated retrieval snapshot and the exact measured content hash (1.3207ms)
✔ changed purpose, requirement text, model or policy invalidates even a freshly rehashed collector snapshot (0.5893ms)
✔ agent claims, unsigned copied snapshots, stale records and failed or inconclusive measurements remain insufficient (0.9621ms)
✔ linking a later good check does not silently erase a selected failed check (0.2686ms)
✔ notice_pre_delivery: unknown clocks, overlapping intervals, equality and actual late action do not prove prior action (1.3066ms)
✔ high_impact_pre_review: unknown clocks, overlapping intervals, equality and actual late action do not prove prior action (1.1988ms)
✔ impact_assessment: unknown clocks, overlapping intervals, equality and actual late action do not prove prior action (0.7477ms)
✔ impact_effort: unknown clocks, overlapping intervals, equality and actual late action do not prove prior action (0.577ms)
✔ certification_effort: unknown clocks, overlapping intervals, equality and actual late action do not prove prior action (0.9339ms)
✔ machine-readable marking additionally requires detection and a generation notice, while human-readable marking requires perceptibility (0.3628ms)
✔ realistic media tests must cover disclosed outputs, user conditions and accessibility; creative mode preserves enjoyment (0.5035ms)
✔ authority receipts cannot be replaced by telemetry export records or an unaccepted submission (0.598ms)
✔ a completed pre-review stays supported when an optional confirmation request has no receipt (0.4086ms)
✔ optional request evidence remains independently insufficient for failed, unauthenticated or mismatched receipts (3.8118ms)
✔ confirmation never replaces missing, contradictory, late or stale mandatory pre-review evidence (1.9855ms)
✔ document publication covers four items, confines exclusions to recorded grounds and tests five-year policy, access and restore (1.0126ms)
✔ impact assessment includes six unconditional areas, conditional improvement plan and vulnerable group characteristics (0.5166ms)
✔ documented pre-provision efforts are explicitly supported without claiming completed impact assessment or certification (0.4438ms)
✔ public preference needs an actual recorded comparison and rationale rather than assuming all institutions selected a certified product (0.5784ms)
✔ oversight needs its explicit plan measurement plus an authority human reviewer for the same model and policy (2.872ms)
✔ domestic representative support requires a written mandate including current document review and a domestic presence (0.4722ms)
✔ actual order response requires specified measures, implementation, acceptance and the recorded response deadline (0.9799ms)
✔ unknown and non-Korean requirements never receive a fabricated technical success (0.1084ms)
✔ every reported completed action or receipt rejects a future measurement despite matching hashes and pass result (1.4949ms)
✔ future provision and deadline are planned boundaries and never prove actual provision or business results (0.6658ms)
✔ fixed receipt times and explicit observation clocks are required for completed timestamp claims (1.3891ms)
✔ reported observation cannot precede its impossible future fixed receipt and overlapping clock bounds stay unresolved (0.3968ms)
✔ declared completed-time uncertainty cannot conceal a later or overlapping action (0.2644ms)
✔ adding a good measurement cannot erase a selected future completion record (0.2899ms)
✔ human oversight reviews with missing fixed receipt, unknown clocks or future observed completion stay missing (0.6141ms)
✔ verification uses the recorded receipt and repeats identically when the current wall clock changes (0.2047ms)
✔ notice_pre_delivery: a matching current system hash cannot hide a changed or unknown registered provision boundary (0.9328ms)
✔ high_impact_pre_review: a matching current system hash cannot hide a changed or unknown registered provision boundary (0.7693ms)
✔ impact_assessment: a matching current system hash cannot hide a changed or unknown registered provision boundary (0.9837ms)
✔ impact_effort: a matching current system hash cannot hide a changed or unknown registered provision boundary (0.8547ms)
✔ certification_effort: a matching current system hash cannot hide a changed or unknown registered provision boundary (0.7853ms)
✔ reviewed supplier performance evidence supports only each scoped article34 measure without issuing a legal verdict (4.8614ms)
✔ a bundle or acknowledgement cannot replace scoped supplier-performance review and exact evidence bindings (4.3823ms)
✔ supplier alternatives cannot replace pre-review, oversight, documents or erase a selected failed measurement (1.2463ms)
✔ actual supplier HTTP intake binds reviewed scope, survives restart and preserves signed tenant history (1326.1775ms)
ℹ tests 64
ℹ suites 0
ℹ pass 64
ℹ fail 0
ℹ cancelled 0
ℹ skipped 0
ℹ todo 0
ℹ duration_ms 1553.4815
