✔ grounding is an explicit training mode with the approved interactive override (0.5415ms)
✔ grounding generation diagnosis cannot train or restore optimizer state (1.021ms)
✔ grounding cannot silently mix warmstart with optimizer resume or diagnostic execution (0.1896ms)
✔ candidate-only64 calls and retrospective reference verify without synthetic execution claims (353.9459ms)
✔ production CLI preserves raw evidence and never accepts fixture pins (259.9561ms)
✔ legitimate ConfigMap API defaults do not invalidate GPU mount evidence (323.2479ms)
✔ grounding diagnostic rejects unconfirmed reclamation (174.181ms)
✔ grounding diagnostic rejects failed process (164.3122ms)
✔ grounding diagnostic rejects quality promotion (168.8821ms)
✔ grounding diagnostic rejects foreign live Pod (202.8067ms)
✔ grounding diagnostic rejects foreign owner Job (196.6748ms)
✔ grounding diagnostic rejects foreign GPU node (205.9369ms)
✔ grounding diagnostic rejects writable candidate (194.2008ms)
✔ grounding diagnostic rejects wrong source adapter mount (195.9349ms)
✔ grounding diagnostic rejects wrong binding provenance mount (207.3722ms)
✔ grounding diagnostic rejects runtime substitution (217.212ms)
✔ grounding diagnostic rejects wrong bound environment (365.1542ms)
✔ grounding diagnostic rejects wrong generation Pod (325.2355ms)
✔ grounding diagnostic rejects pretended new baseline calls (414.7642ms)
✔ grounding diagnostic rejects 128 calls claimed for64 new calls (263.6842ms)
✔ grounding diagnostic rejects unobserved acceptance claim (372.3353ms)
✔ grounding diagnostic rejects answer cropping (257.1674ms)
✔ grounding diagnostic rejects missing admission row (395.1499ms)
✔ grounding diagnostic rejects output token overflow (391.2362ms)
✔ grounding diagnostic rejects injected baseline response map (227.9696ms)
✔ grounding diagnostic rejects omitted candidate result (291.5653ms)
✔ raw rows and stdout must match actual64 candidate calls despite resealed response hashes (1237.6306ms)
✔ retrospective proof cannot conceal missing prior execution or a changed source optimizer history (712.1185ms)
✔ changed source or baseline bytes cannot be substituted by a different candidate or comparison (879.7278ms)
✔ generation-only fixture job scopes candidate and binding read-only and accepts admitted default modes (1.8332ms)
✔ generation job rejects changed observed64 data, prior output lineage and invented new baseline execution (0.1986ms)
✔ generation runtime contains inference and integrity helpers without trainer execution (1.9795ms)
✔ sealed balanced warmstart verifies local bindings while synthetic fixtures cannot claim training execution (198.1883ms)
✔ production CLI rejects fixture pins and preserves existing report/evidence files (265.3302ms)
✔ Kubernetes ConfigMap defaults preserve the measured mount contract (215.1542ms)
✔ grounding rejects nonzero exit (125.2052ms)
✔ grounding rejects unconfirmed reclamation (121.3031ms)
✔ grounding rejects controller error (123.1039ms)
✔ grounding rejects denied admission (131.7682ms)
✔ grounding rejects changed source run (151.0549ms)
✔ grounding rejects diagnostic-only training label (137.3697ms)
✔ grounding rejects controller quality claim (122.4806ms)
✔ grounding rejects changed runtime bytes (157.9856ms)
✔ grounding rejects changed Job UID (185.3723ms)
✔ grounding rejects foreign owner Job (202.0971ms)
✔ grounding rejects wrong GPU node (221.4015ms)
✔ grounding rejects writable source adapter (207.2221ms)
✔ grounding rejects broad checkpoint mount (176.7241ms)
✔ grounding rejects wrong runtime env (177.7261ms)
✔ grounding rejects wrong optimizer count (254.4643ms)
✔ grounding rejects wrong memory cgroup (282.2753ms)
✔ grounding rejects context crop receipt (196.1577ms)
✔ grounding rejects token overflow receipt (264.0986ms)
✔ new checkpoint and source adapter bytes remain bound to their complete markers (578.8668ms)
✔ self-consistent final checkpoint cannot substitute a different adapter (198.4715ms)
✔ source verification cannot conceal failed training after repinning synthetic fixture bytes (173.2985ms)
✔ exactly twenty ordered non-skipped new updates are required (604.8387ms)
✔ warmstart must reset optimizer/scheduler and cannot be represented as checkpoint resume (223.7283ms)
✔ altered original annotations and reused old contexts cannot be hidden by resealing fixture hashes (893.1466ms)
✔ missing and linked checkpoint members fail before execution success can be claimed (506.6401ms)
✔ resealed NaN and infinity tensors cannot pass finite candidate inspection (991.4229ms)
✔ the new experiment cannot conceal an FP16 identity after candidate resealing (344.5932ms)
✔ a finite GPU check is required before sealing and must match its standalone callback record (682.6224ms)
✔ balanced selection preserves authentic originals and excludes all previously exposed families (9.1056ms)
✔ selection rejects altered human labels and cross-split families (0.5999ms)
✔ real grounding workload resets training state, isolates warmstart and binds new data rather than diagnostic data (86.0095ms)
ℹ tests 66
ℹ suites 0
ℹ pass 66
ℹ fail 0
ℹ cancelled 0
ℹ skipped 0
ℹ todo 0
ℹ duration_ms 18675.5096
