✔ grounding is an explicit training mode with the approved interactive override (1.0576ms)
✔ grounding generation diagnosis cannot train or restore optimizer state (0.8724ms)
✔ grounding cannot silently mix warmstart with optimizer resume or diagnostic execution (0.171ms)
✔ candidate-only64 calls and retrospective reference verify without synthetic execution claims (315.9088ms)
✔ production CLI preserves raw evidence and never accepts fixture pins (236.6426ms)
✔ legitimate ConfigMap API defaults do not invalidate GPU mount evidence (350.556ms)
✔ grounding diagnostic rejects unconfirmed reclamation (169.5176ms)
✔ grounding diagnostic rejects failed process (163.3546ms)
✔ grounding diagnostic rejects quality promotion (170.7406ms)
✔ grounding diagnostic rejects foreign live Pod (211.1219ms)
✔ grounding diagnostic rejects foreign owner Job (190.1427ms)
✔ grounding diagnostic rejects foreign GPU node (193.888ms)
✔ grounding diagnostic rejects writable candidate (201.0021ms)
✔ grounding diagnostic rejects wrong source adapter mount (200.525ms)
✔ grounding diagnostic rejects wrong binding provenance mount (191.7257ms)
✔ grounding diagnostic rejects runtime substitution (190.8446ms)
✔ grounding diagnostic rejects wrong bound environment (205.6328ms)
✔ grounding diagnostic rejects wrong generation Pod (188.7427ms)
✔ grounding diagnostic rejects pretended new baseline calls (190.8434ms)
✔ grounding diagnostic rejects 128 calls claimed for64 new calls (181.4208ms)
✔ grounding diagnostic rejects unobserved acceptance claim (190.1782ms)
✔ grounding diagnostic rejects answer cropping (194.0151ms)
✔ grounding diagnostic rejects missing admission row (200.3809ms)
✔ grounding diagnostic rejects output token overflow (250.7927ms)
✔ grounding diagnostic rejects injected baseline response map (225.9487ms)
✔ grounding diagnostic rejects omitted candidate result (292.6581ms)
✔ raw rows and stdout must match actual64 candidate calls despite resealed response hashes (684.9948ms)
✔ retrospective proof cannot conceal missing prior execution or a changed source optimizer history (372.0555ms)
✔ changed source or baseline bytes cannot be substituted by a different candidate or comparison (369.6622ms)
✔ generation-only fixture job scopes candidate and binding read-only and accepts admitted default modes (2.004ms)
✔ generation job rejects changed observed64 data, prior output lineage and invented new baseline execution (0.2167ms)
✔ generation runtime contains inference and integrity helpers without trainer execution (2.5545ms)
✔ sealed balanced warmstart verifies local bindings while synthetic fixtures cannot claim training execution (215.5951ms)
✔ production CLI rejects fixture pins and preserves existing report/evidence files (252.009ms)
✔ Kubernetes ConfigMap defaults preserve the measured mount contract (225.7972ms)
✔ grounding rejects nonzero exit (106.3843ms)
✔ grounding rejects unconfirmed reclamation (117.4683ms)
✔ grounding rejects controller error (122.4444ms)
✔ grounding rejects denied admission (114.555ms)
✔ grounding rejects changed source run (116.3054ms)
✔ grounding rejects diagnostic-only training label (120.8782ms)
✔ grounding rejects controller quality claim (175.3318ms)
✔ grounding rejects changed runtime bytes (169.2331ms)
✔ grounding rejects changed Job UID (187.3688ms)
✔ grounding rejects foreign owner Job (191.8665ms)
✔ grounding rejects wrong GPU node (198.527ms)
✔ grounding rejects writable source adapter (197.5883ms)
✔ grounding rejects broad checkpoint mount (187.1817ms)
✔ grounding rejects wrong runtime env (200.6773ms)
✔ grounding rejects wrong optimizer count (202.9121ms)
✔ grounding rejects wrong memory cgroup (211.0537ms)
✔ grounding rejects context crop receipt (191.6179ms)
✔ grounding rejects token overflow receipt (170.991ms)
✔ new checkpoint and source adapter bytes remain bound to their complete markers (399.2744ms)
✔ self-consistent final checkpoint cannot substitute a different adapter (167.7999ms)
✔ source verification cannot conceal failed training after repinning synthetic fixture bytes (121.4272ms)
✔ exactly twenty ordered non-skipped new updates are required (438.7048ms)
✔ warmstart must reset optimizer/scheduler and cannot be represented as checkpoint resume (210.7ms)
✔ altered original annotations and reused old contexts cannot be hidden by resealing fixture hashes (469.4161ms)
✔ missing and linked checkpoint members fail before execution success can be claimed (313.614ms)
✔ balanced selection preserves authentic originals and excludes all previously exposed families (9.4741ms)
✔ selection rejects altered human labels and cross-split families (0.5635ms)
✔ real grounding workload resets training state, isolates warmstart and binds new data rather than diagnostic data (101.3824ms)
ℹ tests 63
ℹ suites 0
ℹ pass 63
ℹ fail 0
ℹ cancelled 0
ℹ skipped 0
ℹ todo 0
ℹ duration_ms 12682.5781
