✔ Running → exec failure → same Pod exit 0 returns its actual termination (2.8302ms)
✔ Running → exec failure → same Pod exit 1 returns its actual termination (0.2498ms)
✔ Running → exec failure → same Pod exit 137 returns its actual termination (0.162ms)
✔ successful telemetry does not query another Pod or change the sample (0.1366ms)
✔ a telemetry failure while the same container remains live is not suppressed (0.5166ms)
✔ Pod status lookup failure preserves the telemetry error rather than declaring completion (0.1776ms)
✔ terminal status with changed uid cannot explain the original sample failure (0.2311ms)
✔ terminal status with changed name cannot explain the original sample failure (0.1489ms)
✔ terminal status with changed owner cannot explain the original sample failure (0.1572ms)
✔ terminal status with changed namespace cannot explain the original sample failure (0.2094ms)
✔ terminal status with changed container cannot explain the original sample failure (0.2325ms)
✔ terminal status with changed containerID cannot explain the original sample failure (0.1246ms)
✔ terminal status with changed restartCount cannot explain the original sample failure (0.1217ms)
✔ terminal status with changed restartPolicy cannot explain the original sample failure (0.1221ms)
✔ Succeeded Pod phase without a training-container exit code is insufficient (0.178ms)
✔ a missing runtime task waits briefly for the same container terminal status (0.2501ms)
✔ a missing runtime task never substitutes a replacement Pod during delayed status (0.1778ms)
✔ bounded late status polling does not infer an exit from a missing task alone (0.1834ms)
✔ fresh paired evaluation requires its explicit mode and cannot train or resume (1.4728ms)
✔ terminal resource-read recovery rechecks workload mounts before accepting exit zero (1.0748ms)
✔ unequal label selection keeps human originals and excludes exposed families with unchanged symmetric behavior (9.8497ms)
✔ continuation job binds the actual latest source and separate writable output with unchanged resource isolation (1.5239ms)
✔ controller requires explicit bounded continuation and rejects conflicting modes (0.2386ms)
✔ live mount checks accept explicit false PVC defaults while rejecting scope changes (0.7938ms)
✔ grounding is an explicit training mode with the approved interactive override (0.7974ms)
✔ transient Windows socket read failure has a bounded retry and preserves fresh result (1.0459ms)
✔ persistent socket errors stop after three reads and non-socket errors never retry (0.5905ms)
✔ persistent Windows bind failure may use one fresh alternate read; unrelated errors cannot (0.3503ms)
✔ grounding generation diagnosis cannot train or restore optimizer state (0.8718ms)
✔ grounding cannot silently mix warmstart with optimizer resume or diagnostic execution (0.2371ms)
ℹ tests 30
ℹ suites 0
ℹ pass 30
ℹ fail 0
ℹ cancelled 0
ℹ skipped 0
ℹ todo 0
ℹ duration_ms 135.7121
