test_authentic_impossible_target_remains_empty_json (test_public_qa_grounding.GroundingTests.test_authentic_impossible_target_remains_empty_json) ... ok
test_changed_context_rejected_even_with_preserved_human_provenance (test_public_qa_grounding.GroundingTests.test_changed_context_rejected_even_with_preserved_human_provenance) ... ok
test_full_context_overflow_never_crops_or_drops_a_row (test_public_qa_grounding.GroundingTests.test_full_context_overflow_never_crops_or_drops_a_row) ... ok
test_nonfinite_adapter_can_never_be_sealed (test_public_qa_grounding.GroundingTests.test_nonfinite_adapter_can_never_be_sealed) ... ok
test_pinned_source_candidate_and_fresh_state_provenance (test_public_qa_grounding.GroundingTests.test_pinned_source_candidate_and_fresh_state_provenance) ... ok
test_real_balanced_rows_are_exact_source_members (test_public_qa_grounding.GroundingTests.test_real_balanced_rows_are_exact_source_members) ... ok
test_actual_consumption_and_checkpoint_binding_220_100 (test_public_qa_grounding_continuation.ContinuationTests.test_actual_consumption_and_checkpoint_binding_220_100) ... ok
test_content_annotation_duplicate_and_other_split_fail (test_public_qa_grounding_continuation.ContinuationTests.test_content_annotation_duplicate_and_other_split_fail) ... ok
test_original_full_context_overflow_is_rejected (test_public_qa_grounding_continuation.ContinuationTests.test_original_full_context_overflow_is_rejected) ... ok
test_policy_balance_and_changed_source_cannot_self_attest (test_public_qa_grounding_continuation.ContinuationTests.test_policy_balance_and_changed_source_cannot_self_attest) ... ok
test_prior_exposure_by_family_context_or_id_is_rejected (test_public_qa_grounding_continuation.ContinuationTests.test_prior_exposure_by_family_context_or_id_is_rejected) ... ok
test_real_cpu_torch_tensors_bind_when_runtime_is_available (test_public_qa_grounding_continuation.ContinuationTests.test_real_cpu_torch_tensors_bind_when_runtime_is_available) ... ok
test_reordered_duplicate_tensor_label_and_forged_record_fail (test_public_qa_grounding_continuation.ContinuationTests.test_reordered_duplicate_tensor_label_and_forged_record_fail) ... ok
test_source_rows_and_sampler_are_admitted_without_model_import (test_public_qa_grounding_continuation.ContinuationTests.test_source_rows_and_sampler_are_admitted_without_model_import) ... ok
test_target_contract_rejects_different_source_steps_lr_and_reuse (test_public_qa_grounding_continuation.ContinuationTests.test_target_contract_rejects_different_source_steps_lr_and_reuse) ... ok
test_unmodified_original_pii_is_not_admitted (test_public_qa_grounding_continuation.ContinuationTests.test_unmodified_original_pii_is_not_admitted) ... ok
test_collator_rejects_empty_oversized_or_misaligned_sequences (test_public_qa_training.PublicQaTrainingTests.test_collator_rejects_empty_oversized_or_misaligned_sequences) ... ok
test_context_window_retains_exact_answer_and_masks_prompt (test_public_qa_training.PublicQaTrainingTests.test_context_window_retains_exact_answer_and_masks_prompt) ... ok
test_encoding_preserves_selected_prompt_completion_and_eos_without_tail_padding (test_public_qa_training.PublicQaTrainingTests.test_encoding_preserves_selected_prompt_completion_and_eos_without_tail_padding) ... ok
test_impossible_answer_preserves_upstream_abstention (test_public_qa_training.PublicQaTrainingTests.test_impossible_answer_preserves_upstream_abstention) ... ok
test_mixed_lengths_right_pad_only_batch_max_and_keep_real_eos_supervised (test_public_qa_training.PublicQaTrainingTests.test_mixed_lengths_right_pad_only_batch_max_and_keep_real_eos_supervised) ... ok
test_no_standalone_host_training (test_public_qa_training.PublicQaTrainingTests.test_no_standalone_host_training) ... ok
test_public_provenance_and_family_admission (test_public_qa_training.PublicQaTrainingTests.test_public_provenance_and_family_admission) ... ok
test_question_is_never_silently_truncated (test_public_qa_training.PublicQaTrainingTests.test_question_is_never_silently_truncated) ... ok
test_selective_loss_positions_follow_causal_shift_and_preserve_eos (test_public_qa_training.PublicQaTrainingTests.test_selective_loss_positions_follow_causal_shift_and_preserve_eos) ... ok
test_selective_loss_rejects_missing_holey_or_misaligned_completion_masks (test_public_qa_training.PublicQaTrainingTests.test_selective_loss_rejects_missing_holey_or_misaligned_completion_masks) ... ok
test_selective_positions_match_full_masked_loss_and_trainable_gradient (test_public_qa_training.PublicQaTrainingTests.test_selective_positions_match_full_masked_loss_and_trainable_gradient) ... ok
test_single_row_batch_does_not_add_or_change_any_tokens (test_public_qa_training.PublicQaTrainingTests.test_single_row_batch_does_not_add_or_change_any_tokens) ... ok
test_training_stage_is_bound_to_the_closed_step_budget (test_public_qa_training.PublicQaTrainingTests.test_training_stage_is_bound_to_the_closed_step_budget) ... ok
test_wrong_answer_offset_is_rejected (test_public_qa_training.PublicQaTrainingTests.test_wrong_answer_offset_is_rejected) ... ok

----------------------------------------------------------------------
Ran 30 tests in 4.398s

OK
