✔ actual finance HTTP keeps reserved supplier, purpose and model aliases unknown in current views and signed reports (3225.9902ms)
✔ normal finance references retain exact case-sensitive matching and historical signed bundle and report snapshots (1253.8274ms)
✔ document intake computes the actual binary digest, binds its system, and offers verified original download (21.7802ms)
✔ dynamic file cap rejects oversized and empty files before reading or posting; default remains64KiB (4.5585ms)
✔ document inventory keeps hostile metadata literal and never claims a metadata row proves retrieval (1.9089ms)
✔ changed versions, tampered export bytes and retrieval errors cannot produce a successful download (4.7697ms)
✔ technical gaps remain visible next to a human sufficient assessment and unknown checks are retained (2.2281ms)
✔ typed reported measurements translate alternatives and failure reasons without claiming independent proof or completed effort (2.1003ms)
✔ KR-33 optional request status stays visible beside a supported mandatory pre-review (7.7511ms)
✔ optional request conflicts retain literal reasons and evidence without executing markup or claiming a reply (1.5298ms)
✔ additional Korean applicability facts preserve unknown, explicit false, zero and separate domains without inferring a bank role (5.1876ms)
✔ all Korean task closure refusals are rendered in the form without closing it or recording success (25.2059ms)
✔ OIDC document intake uses the existing CSRF session and permission failures stay visible (3.0194ms)
✔ missing or partial evidence never displays a positive technical confirmation and current Korean roles remain visible (1.9026ms)
✔ KR-33 HTTP keeps mandatory review separate from optional request evidence and preserves frozen tenant history (1693.7365ms)
✔ the schema covers eighteen requirements and confines supplier review alternatives to article34 measures1 through3 (1.5388ms)
✔ notice_pre_delivery: scoped measurement and retrievable document support a human review without issuing a legal verdict (3.3778ms)
✔ generated_output_marking: scoped measurement and retrievable document support a human review without issuing a legal verdict (0.3688ms)
✔ realistic_media_disclosure: scoped measurement and retrievable document support a human review without issuing a legal verdict (0.3097ms)
✔ safety_risk_management: scoped measurement and retrievable document support a human review without issuing a legal verdict (0.3379ms)
✔ safety_incident_monitoring: scoped measurement and retrievable document support a human review without issuing a legal verdict (0.2894ms)
✔ safety_submission_receipt: scoped measurement and retrievable document support a human review without issuing a legal verdict (0.335ms)
✔ high_impact_pre_review: scoped measurement and retrievable document support a human review without issuing a legal verdict (0.3816ms)
✔ high_impact_confirmation: scoped measurement and retrievable document support a human review without issuing a legal verdict (0.6666ms)
✔ high_impact_risk_management: scoped measurement and retrievable document support a human review without issuing a legal verdict (0.3732ms)
✔ explanation_plan: scoped measurement and retrievable document support a human review without issuing a legal verdict (0.2506ms)
✔ user_protection: scoped measurement and retrievable document support a human review without issuing a legal verdict (0.1765ms)
✔ oversight_plan: scoped measurement and retrievable document support a human review without issuing a legal verdict (0.7399ms)
✔ document_publication_retention: scoped measurement and retrievable document support a human review without issuing a legal verdict (0.2159ms)
✔ impact_assessment: scoped measurement and retrievable document support a human review without issuing a legal verdict (0.1916ms)
✔ impact_effort: scoped measurement and retrievable document support a human review without issuing a legal verdict (0.1681ms)
✔ public_impact_preference: scoped measurement and retrievable document support a human review without issuing a legal verdict (0.1466ms)
✔ certification_effort: scoped measurement and retrievable document support a human review without issuing a legal verdict (0.2087ms)
✔ public_certification_preference: scoped measurement and retrievable document support a human review without issuing a legal verdict (0.1379ms)
✔ domestic_representative: scoped measurement and retrievable document support a human review without issuing a legal verdict (0.1683ms)
✔ authority_order_response: scoped measurement and retrievable document support a human review without issuing a legal verdict (0.1975ms)
✔ strict normalization rejects unknown fields, wrong requirement, malformed hashes and misleading metric types (0.5758ms)
✔ normalization rejects invalid calendar dates and duplicate or invented document sections (0.4351ms)
✔ self-attestation, external hashes and supplier bundles cannot stand in for typed measured evidence (0.5335ms)
✔ the document must have a validated retrieval snapshot and the exact measured content hash (1.246ms)
✔ changed purpose, requirement text, model or policy invalidates even a freshly rehashed collector snapshot (0.6091ms)
✔ agent claims, unsigned copied snapshots, stale records and failed or inconclusive measurements remain insufficient (0.8574ms)
✔ linking a later good check does not silently erase a selected failed check (0.2373ms)
✔ notice_pre_delivery: unknown clocks, overlapping intervals, equality and actual late action do not prove prior action (0.9581ms)
✔ high_impact_pre_review: unknown clocks, overlapping intervals, equality and actual late action do not prove prior action (1.6251ms)
✔ impact_assessment: unknown clocks, overlapping intervals, equality and actual late action do not prove prior action (0.8491ms)
✔ impact_effort: unknown clocks, overlapping intervals, equality and actual late action do not prove prior action (0.6265ms)
✔ certification_effort: unknown clocks, overlapping intervals, equality and actual late action do not prove prior action (0.8924ms)
✔ machine-readable marking additionally requires detection and a generation notice, while human-readable marking requires perceptibility (0.3959ms)
✔ realistic media tests must cover disclosed outputs, user conditions and accessibility; creative mode preserves enjoyment (0.5202ms)
✔ authority receipts cannot be replaced by telemetry export records or an unaccepted submission (0.6241ms)
✔ a completed pre-review stays supported when an optional confirmation request has no receipt (0.4051ms)
✔ optional request evidence remains independently insufficient for failed, unauthenticated or mismatched receipts (4.3492ms)
✔ confirmation never replaces missing, contradictory, late or stale mandatory pre-review evidence (1.8052ms)
✔ document publication covers four items, confines exclusions to recorded grounds and tests five-year policy, access and restore (1.1823ms)
✔ impact assessment includes six unconditional areas, conditional improvement plan and vulnerable group characteristics (0.5427ms)
✔ documented pre-provision efforts are explicitly supported without claiming completed impact assessment or certification (0.4677ms)
✔ public preference needs an actual recorded comparison and rationale rather than assuming all institutions selected a certified product (0.6044ms)
✔ oversight needs its explicit plan measurement plus an authority human reviewer for the same model and policy (2.7862ms)
✔ domestic representative support requires a written mandate including current document review and a domestic presence (0.4587ms)
✔ actual order response requires specified measures, implementation, acceptance and the recorded response deadline (1.1621ms)
✔ unknown and non-Korean requirements never receive a fabricated technical success (0.127ms)
✔ every reported completed action or receipt rejects a future measurement despite matching hashes and pass result (1.7546ms)
✔ future provision and deadline are planned boundaries and never prove actual provision or business results (0.7008ms)
✔ fixed receipt times and explicit observation clocks are required for completed timestamp claims (1.7426ms)
✔ reported observation cannot precede its impossible future fixed receipt and overlapping clock bounds stay unresolved (0.5525ms)
✔ declared completed-time uncertainty cannot conceal a later or overlapping action (0.2995ms)
✔ adding a good measurement cannot erase a selected future completion record (0.3472ms)
✔ human oversight reviews with missing fixed receipt, unknown clocks or future observed completion stay missing (1.1063ms)
✔ verification uses the recorded receipt and repeats identically when the current wall clock changes (0.256ms)
✔ notice_pre_delivery: a matching current system hash cannot hide a changed or unknown registered provision boundary (1.0966ms)
✔ high_impact_pre_review: a matching current system hash cannot hide a changed or unknown registered provision boundary (0.8573ms)
✔ impact_assessment: a matching current system hash cannot hide a changed or unknown registered provision boundary (1.1202ms)
✔ impact_effort: a matching current system hash cannot hide a changed or unknown registered provision boundary (0.6811ms)
✔ certification_effort: a matching current system hash cannot hide a changed or unknown registered provision boundary (0.8712ms)
✔ release launcher starts four real services, authenticates UI API, preserves data and confirms shutdown/restart (1997.8235ms)
✔ release demo CLI targets the selected directory and loopback ports; signal shutdown leaves no service children (1380.1323ms)
{"component":"vault","address":"::1","port":26631,"tls":false}
node:events:487
      throw er; // Unhandled 'error' event
      ^

Error: listen EADDRINUSE: address already in use ::1:26632
    at Server.setupListenHandle [as _listen2] (node:net:2008:16)
    at listenInCluster (node:net:2065:12)
    at node:net:2274:7
    at process.processTicksAndRejections (node:internal/process/task_queues:90:21)
Emitted 'error' event on Server instance at:
    at emitErrorNT (node:net:2044:8)
    at process.processTicksAndRejections (node:internal/process/task_queues:90:21) {
  code: 'EADDRINUSE',
  errno: -4091,
  syscall: 'listen',
  address: '::1',
  port: 26632
}

Node.js v24.15.0
✔ release startup conflict cleans earlier services and preserves the unrelated listener (504.6018ms)
✔ release HTTP launcher rejects inherited TLS configuration before creating credentials or listeners (73.5243ms)
ℹ tests 79
ℹ suites 0
ℹ pass 79
ℹ fail 0
ℹ cancelled 0
ℹ skipped 0
ℹ todo 0
ℹ duration_ms 10734.6968
