#0 building with "desktop-linux" instance using docker driver

#1 [internal] load build definition from Dockerfile
#1 transferring dockerfile: 681B done
#1 DONE 0.0s

#2 [internal] load metadata for docker.io/library/node:24.15.0-bookworm-slim@sha256:4e6b70dd6cbfc88c8157ba19aa3d9f9cce6ba4703576d55459e45efcbc9c5f5d
#2 DONE 1.3s

#3 [internal] load .dockerignore
#3 transferring context: 268B done
#3 DONE 0.0s

#4 [internal] load build context
#4 transferring context: 49.24kB 0.0s done
#4 DONE 0.1s

#5 [ 1/10] FROM docker.io/library/node:24.15.0-bookworm-slim@sha256:4e6b70dd6cbfc88c8157ba19aa3d9f9cce6ba4703576d55459e45efcbc9c5f5d
#5 resolve docker.io/library/node:24.15.0-bookworm-slim@sha256:4e6b70dd6cbfc88c8157ba19aa3d9f9cce6ba4703576d55459e45efcbc9c5f5d 0.1s done
#5 DONE 0.1s

#6 [ 2/10] WORKDIR /app
#6 CACHED

#7 [ 3/10] COPY package.json package-lock.json ./
#7 DONE 0.1s

#8 [ 4/10] RUN npm ci --omit=dev --ignore-scripts --no-audit --no-fund
#8 0.927 
#8 0.927 added 3 packages in 553ms
#8 0.928 npm notice
#8 0.928 npm notice New major version of npm available! 11.12.1 -> 12.2.0
#8 0.928 npm notice Changelog: https://github.com/npm/cli/releases/tag/v12.2.0
#8 0.928 npm notice To update run: npm install -g npm@12.2.0
#8 0.928 npm notice
#8 DONE 1.0s

#9 [ 5/10] COPY --chown=1000:1000 src/ ./src/
#9 DONE 0.1s

#10 [ 6/10] COPY --chown=1000:1000 public/ ./public/
#10 DONE 0.1s

#11 [ 7/10] COPY --chown=1000:1000 data/ ./data/
#11 DONE 0.1s

#12 [ 8/10] COPY --chown=1000:1000 roles/ ./roles/
#12 DONE 0.1s

#13 [ 9/10] COPY --chown=1000:1000 scripts/k8s-load.mjs ./scripts/k8s-load.mjs
#13 DONE 0.1s

#14 [10/10] COPY --chown=1000:1000 scripts/k8s-distribution.mjs ./scripts/k8s-distribution.mjs
#14 DONE 0.1s

#15 exporting to image
#15 exporting layers
#15 exporting layers 0.8s done
#15 exporting manifest sha256:8b264f06fb43d5e5704ae3c58341f3cf1083e10dfc886499a6ab24b49c804264 0.0s done
#15 exporting config sha256:20d6c1d2c8076e76050fe6415f7c55408dad9d90722c495ca9209073bdd3023a 0.0s done
#15 exporting attestation manifest sha256:d7d4d6981df0a2ab0539c4b5cfe27b867bb72d1314dab6e630573acf01893ba4 0.1s done
#15 exporting manifest list sha256:a081e8cbc00333ed86cadebf63d51352e5d61da60eac38a20c7c9401ae398517
#15 exporting manifest list sha256:a081e8cbc00333ed86cadebf63d51352e5d61da60eac38a20c7c9401ae398517 0.0s done
#15 naming to docker.io/library/evidscope:0.1.1 done
#15 unpacking to docker.io/library/evidscope:0.1.1
#15 unpacking to docker.io/library/evidscope:0.1.1 0.8s done
#15 DONE 1.9s
