✔ verified supplier bytes, role isolation, immutable signed review and changed model invalidation (223.7887ms)
✔ same private key representation can restore encrypted document bytes (5.8323ms)
▶ unknown or changed supplied model and purpose require review even when current bundle matches
  ✔ SUPPLIED_MODEL_VERSION_UNKNOWN (130.1171ms)
  ✔ SUPPLIED_PURPOSE_UNKNOWN (127.5154ms)
  ✔ SUPPLIED_MODEL_VERSION_MISMATCH (131.2417ms)
  ✔ SUPPLIED_PURPOSE_MISMATCH (124.5738ms)
✔ unknown or changed supplied model and purpose require review even when current bundle matches (514.2604ms)
✔ newly discovered supplied scope mismatch invalidates current assessment and preserves its signed history (185.9013ms)
✔ corrupt or missing document never remains verified; hashes and measure bounds are enforced (145.8316ms)
✔ bundle replacement invalidates only linked snapshots and cannot move between systems (163.6744ms)
✔ altered system or supplier projection cannot be legitimized by a new signed report (132.5376ms)
✔ legacy system facts migrate once to unknown without rewriting historical assessments (130.4959ms)
✔ startup refuses a downgraded and altered system projection without re-signing it (152.2703ms)
✔ startup refuses insert system projection drift (124.7031ms)
✔ startup refuses delete system projection drift (121.955ms)
✔ startup refuses sql-id system projection drift (159.5675ms)
✔ startup verifies every tenant before leaving any partial migration (129.3196ms)
✔ catalog change refuses altered catalog projection before signing review tasks (126.2458ms)
✔ catalog change refuses altered assessment projection before signing review tasks (160.1634ms)
✔ assessment signs a server-computed applicability snapshot and ignores client provenance fields (182.3273ms)
✔ legacy catalog and assessment provenance trigger a signed re-review task without replacing the human conclusion (141.3827ms)
✔ signed finance reports freeze policy provenance while a later fact change only marks the live review stale (148.9285ms)
✔ KR-34-DOCUMENT keeps missing document technically insufficient and its task open (156.6356ms)
✔ KR-34-DOCUMENT keeps unhashed external document technically insufficient and its task open (139.3029ms)
✔ KR-34-DOCUMENT keeps unretrievable externally hashed document technically insufficient and its task open (130.1498ms)
✔ non-document requirements and verified event evidence retain their existing status (119.9585ms)
✔ unknown system facts remain unknown and never become an automatic non-applicability decision (3.2756ms)
✔ Korean high-impact and frontier thresholds are evaluated as separate review candidates (0.2513ms)
✔ EU transparency candidates require market, role and feature facts and preserve amendment warning (0.3012ms)
✔ NIST remains voluntary and ISO remains readiness-only (0.1292ms)
✔ Korean article 31 distinguishes high-impact notice, generated output and realistic synthetic media (0.2195ms)
✔ legacy and financial system facts require review without inferring high-impact or a legal role (0.7566ms)
✔ self-asserted oversight evidence remains insufficient and leaves a task that cannot be closed (147.6161ms)
✔ oversight plan and review record are each necessary and must bind the current system model and policy (243.041ms)
✔ document revision makes the bound oversight assessment stale and blocks task closure until reassessment (165.0273ms)
✔ historical policy determines whether a per-action human approval is required (2.7333ms)
✔ approvals bind the model and attempt and preserve uncertainty instead of inventing ordering (1.033ms)
✔ block and success evidence only conflict for the same attempt with determinable order (0.4069ms)
✔ event metadata validates context identifiers and bounded or explicitly unknown clock error (2.6586ms)
✔ authority uses issuance time and policy known at execution, including late-arriving evidence (0.4618ms)
✔ human approval issued after execution or under another policy never satisfies prior review (0.3176ms)
✔ human oversight review requires authority provenance and system, model and policy binding (0.3135ms)
✔ self-reported delegation cannot substitute for independent parent-scoped authority (0.2804ms)
✔ stop confirmation matches the requested target and follows the request (0.7712ms)
✔ six governance scenarios pass without network or model transport (1936.1249ms)
✔ CLI produces a report and refuses to overwrite an existing deliverable (2408.0746ms)
ℹ tests 46
ℹ suites 0
ℹ pass 46
ℹ fail 0
ℹ cancelled 0
ℹ skipped 0
ℹ todo 0
ℹ duration_ms 9471.3723
