TAP version 13
# Subtest: assistance profiles are versioned and fixed to local-only model policy
ok 1 - assistance profiles are versioned and fixed to local-only model policy
  ---
  duration_ms: 333.4793
  type: 'test'
  ...
# Subtest: packages minimize adversarial fields, bind real refs and preserve governance semantics
ok 2 - packages minimize adversarial fields, bind real refs and preserve governance semantics
  ---
  duration_ms: 88.4223
  type: 'test'
  ...
# Subtest: run HTTP boundary scopes credentials, serializes tenants and accepts one bounded result
ok 3 - run HTTP boundary scopes credentials, serializes tenants and accepts one bounded result
  ---
  duration_ms: 661.3443
  type: 'test'
  ...
# Subtest: human advisory reviews are separate, preserved, and drafts become stale on evidence change
ok 4 - human advisory reviews are separate, preserved, and drafts become stale on evidence change
  ---
  duration_ms: 283.2391
  type: 'test'
  ...
# Subtest: expired run credential records timeout and cannot claim
ok 5 - expired run credential records timeout and cannot claim
  ---
  duration_ms: 156.5072
  type: 'test'
  ...
# Subtest: assistance projections must match signed original ledger records
ok 6 - assistance projections must match signed original ledger records
  ---
  duration_ms: 326.8065
  type: 'test'
  ...
# Subtest: finance HTTP gateway: bounded verified import, source separation, model change and signed frozen report
ok 7 - finance HTTP gateway: bounded verified import, source separation, model change and signed frozen report
  ---
  duration_ms: 1014.5092
  type: 'test'
  ...
# Subtest: independent finance verifier CLI accepts a real HTTP export and rejects changed evidence, wrong key and stale external digest
ok 8 - independent finance verifier CLI accepts a real HTTP export and rejects changed evidence, wrong key and stale external digest
  ---
  duration_ms: 1041.5615
  type: 'test'
  ...
# Subtest: reviewer intake stores and retrieves tenant-bound encrypted content-addressed bytes with a five-year metadata snapshot
ok 9 - reviewer intake stores and retrieves tenant-bound encrypted content-addressed bytes with a five-year metadata snapshot
  ---
  duration_ms: 145.6663
  type: 'test'
  ...
# Subtest: intake rejects non-canonical base64, wrong hashes, oversized bytes, unknown systems and system reassignment
ok 10 - intake rejects non-canonical base64, wrong hashes, oversized bytes, unknown systems and system reassignment
  ---
  duration_ms: 150.2404
  type: 'test'
  ...
# Subtest: a 256 KiB actual document is fully retrievable without treating its hash as a publication measurement
ok 11 - a 256 KiB actual document is fully retrievable without treating its hash as a publication measurement
  ---
  duration_ms: 150.8216
  type: 'test'
  ...
# Subtest: assessment binds the signed document system, version, content hash and snapshot then permits task closure only while retrievable
ok 12 - assessment binds the signed document system, version, content hash and snapshot then permits task closure only while retrievable
  ---
  duration_ms: 226.7145
  type: 'test'
  ...
# Subtest: new document revision invalidates the assessment and corruption keeps review work open until a new verified snapshot
ok 13 - new document revision invalidates the assessment and corruption keeps review work open until a new verified snapshot
  ---
  duration_ms: 260.034
  type: 'test'
  ...
# Subtest: governance document projection tampering is rejected and cannot create a verified assessment
ok 14 - governance document projection tampering is rejected and cannot create a verified assessment
  ---
  duration_ms: 122.7683
  type: 'test'
  ...
# Subtest: HTTP boundary accepts and retrieves a complete 4 MiB document and rejects documents or payloads above their limits
ok 15 - HTTP boundary accepts and retrieves a complete 4 MiB document and rejects documents or payloads above their limits
  ---
  duration_ms: 599.7568
  type: 'test'
  ...
# Subtest: vault backup verifies and restores governance document ciphertext and signed metadata without claiming elapsed retention
ok 16 - vault backup verifies and restores governance document ciphertext and signed metadata without claiming elapsed retention
  ---
  duration_ms: 490.9099
  type: 'test'
  ...
# Subtest: Korean governance across independent ingress, vault and audit processes preserves measured scope and frozen evidence
ok 17 - Korean governance across independent ingress, vault and audit processes preserves measured scope and frozen evidence
  ---
  duration_ms: 1250.3063
  type: 'test'
  ...
# Subtest: release launcher starts four real services, authenticates UI API, preserves data and confirms shutdown/restart
ok 18 - release launcher starts four real services, authenticates UI API, preserves data and confirms shutdown/restart
  ---
  duration_ms: 1823.4664
  type: 'test'
  ...
# Subtest: release demo CLI targets the selected directory and loopback ports; signal shutdown leaves no service children
ok 19 - release demo CLI targets the selected directory and loopback ports; signal shutdown leaves no service children
  ---
  duration_ms: 1200.9711
  type: 'test'
  ...
# {"component":"vault","address":"::1","port":24784,"tls":false}
# node:events:487
#       throw er; // Unhandled 'error' event
#       ^
# Error: listen EADDRINUSE: address already in use ::1:24785
#     at Server.setupListenHandle [as _listen2] (node:net:2008:16)
#     at listenInCluster (node:net:2065:12)
#     at node:net:2274:7
#     at process.processTicksAndRejections (node:internal/process/task_queues:90:21)
# Emitted 'error' event on Server instance at:
#     at emitErrorNT (node:net:2044:8)
#     at process.processTicksAndRejections (node:internal/process/task_queues:90:21) {
#   code: 'EADDRINUSE',
#   errno: -4091,
#   syscall: 'listen',
#   address: '::1',
#   port: 24785
# }
# Node.js v24.15.0
# Subtest: release startup conflict cleans earlier services and preserves the unrelated listener
ok 20 - release startup conflict cleans earlier services and preserves the unrelated listener
  ---
  duration_ms: 474.5214
  type: 'test'
  ...
# Subtest: release HTTP launcher rejects inherited TLS configuration before creating credentials or listeners
ok 21 - release HTTP launcher rejects inherited TLS configuration before creating credentials or listeners
  ---
  duration_ms: 74.4867
  type: 'test'
  ...
# Subtest: online WAL snapshot restores both tenants, historic documents, signed report and exact evidence
ok 22 - online WAL snapshot restores both tenants, historic documents, signed report and exact evidence
  ---
  duration_ms: 443.7413
  type: 'test'
  ...
# Subtest: ciphertext tamper, extra members and stale independent anchors fail before publication
ok 23 - ciphertext tamper, extra members and stale independent anchors fail before publication
  ---
  duration_ms: 282.2635
  type: 'test'
  ...
# Subtest: wrong vault key, forged manifest and absent external anchor are rejected
ok 24 - wrong vault key, forged manifest and absent external anchor are rejected
  ---
  duration_ms: 204.7045
  type: 'test'
  ...
# Subtest: forged object projections cannot be certified by a new backup
ok 25 - forged object projections cannot be certified by a new backup
  ---
  duration_ms: 153.7199
  type: 'test'
  ...
# Subtest: actions-only tenants cannot be omitted from whole-vault backup verification
ok 26 - actions-only tenants cannot be omitted from whole-vault backup verification
  ---
  duration_ms: 160.7741
  type: 'test'
  ...
# Subtest: a signed legacy archive omitting an actions-only tenant fails restore before publication
ok 27 - a signed legacy archive omitting an actions-only tenant fails restore before publication
  ---
  duration_ms: 143.478
  type: 'test'
  ...
# Subtest: missing source or archived document fails recovery and never leaves plaintext staging files
ok 28 - missing source or archived document fails recovery and never leaves plaintext staging files
  ---
  duration_ms: 224.4517
  type: 'test'
  ...
# Subtest: SQL tenant relabeling and event index tampering cannot be sealed into a valid backup
ok 29 - SQL tenant relabeling and event index tampering cannot be sealed into a valid backup
  ---
  duration_ms: 314.7544
  type: 'test'
  ...
# Subtest: development event content, deletion, and index tampering fail signed snapshot verification
    # Subtest: content
    ok 1 - content
      ---
      duration_ms: 265.6324
      type: 'test'
      ...
    # Subtest: delete
    ok 2 - delete
      ---
      duration_ms: 257.5895
      type: 'test'
      ...
    # Subtest: index
    ok 3 - index
      ---
      duration_ms: 261.9514
      type: 'test'
      ...
    1..3
ok 30 - development event content, deletion, and index tampering fail signed snapshot verification
  ---
  duration_ms: 786.039
  type: 'test'
  ...
# Subtest: mixed-case development IDs use identical ordering for signed and SQL records
ok 31 - mixed-case development IDs use identical ordering for signed and SQL records
  ---
  duration_ms: 334.8063
  type: 'test'
  ...
# Subtest: restoration never overwrites an existing directory or crosses a symlink
ok 32 - restoration never overwrites an existing directory or crosses a symlink
  ---
  duration_ms: 342.505
  type: 'test'
  ...
# Subtest: deleted event keys stay deleted after snapshot recovery
ok 33 - deleted event keys stay deleted after snapshot recovery
  ---
  duration_ms: 438.3037
  type: 'test'
  ...
# Subtest: actual restored HTTP vault serves supplier bytes and preserves tenant access boundaries
ok 34 - actual restored HTTP vault serves supplier bytes and preserves tenant access boundaries
  ---
  duration_ms: 1287.5573
  type: 'test'
  ...
# Subtest: operator CLI creates an external anchor and restores without copying credentials
ok 35 - operator CLI creates an external anchor and restores without copying credentials
  ---
  duration_ms: 1148.6521
  type: 'test'
  ...
1..35
# tests 38
# suites 0
# pass 38
# fail 0
# cancelled 0
# skipped 0
# todo 0
# duration_ms 17967.2462
