TAP version 13
# Subtest: assistance profiles are versioned and fixed to local-only model policy
ok 1 - assistance profiles are versioned and fixed to local-only model policy
  ---
  duration_ms: 518.9128
  type: 'test'
  ...
# Subtest: packages minimize adversarial fields, bind real refs and preserve governance semantics
ok 2 - packages minimize adversarial fields, bind real refs and preserve governance semantics
  ---
  duration_ms: 97.1631
  type: 'test'
  ...
# Subtest: run HTTP boundary scopes credentials, serializes tenants and accepts one bounded result
ok 3 - run HTTP boundary scopes credentials, serializes tenants and accepts one bounded result
  ---
  duration_ms: 326.7364
  type: 'test'
  ...
# Subtest: human advisory reviews are separate, preserved, and drafts become stale on evidence change
ok 4 - human advisory reviews are separate, preserved, and drafts become stale on evidence change
  ---
  duration_ms: 271.7835
  type: 'test'
  ...
# Subtest: expired run credential records timeout and cannot claim
ok 5 - expired run credential records timeout and cannot claim
  ---
  duration_ms: 159.3957
  type: 'test'
  ...
# Subtest: assistance projections must match signed original ledger records
ok 6 - assistance projections must match signed original ledger records
  ---
  duration_ms: 322.9028
  type: 'test'
  ...
# Subtest: finance HTTP gateway: bounded verified import, source separation, model change and signed frozen report
ok 7 - finance HTTP gateway: bounded verified import, source separation, model change and signed frozen report
  ---
  duration_ms: 1259.7986
  type: 'test'
  ...
# Subtest: independent finance verifier CLI accepts a real HTTP export and rejects changed evidence, wrong key and stale external digest
ok 8 - independent finance verifier CLI accepts a real HTTP export and rejects changed evidence, wrong key and stale external digest
  ---
  duration_ms: 1128.0812
  type: 'test'
  ...
# Subtest: governance reviewer boundary rejects auditor mutation before signed state changes across gateways and restart
ok 9 - governance reviewer boundary rejects auditor mutation before signed state changes across gateways and restart
  ---
  duration_ms: 1165.4608
  type: 'test'
  ...
# Subtest: reviewer intake stores and retrieves tenant-bound encrypted content-addressed bytes with a five-year metadata snapshot
ok 10 - reviewer intake stores and retrieves tenant-bound encrypted content-addressed bytes with a five-year metadata snapshot
  ---
  duration_ms: 155.7141
  type: 'test'
  ...
# Subtest: intake rejects non-canonical base64, wrong hashes, oversized bytes, unknown systems and system reassignment
ok 11 - intake rejects non-canonical base64, wrong hashes, oversized bytes, unknown systems and system reassignment
  ---
  duration_ms: 167.5991
  type: 'test'
  ...
# Subtest: a 256 KiB actual document is fully retrievable without treating its hash as a publication measurement
ok 12 - a 256 KiB actual document is fully retrievable without treating its hash as a publication measurement
  ---
  duration_ms: 156.3405
  type: 'test'
  ...
# Subtest: assessment binds the signed document system, version, content hash and snapshot then permits task closure only while retrievable
ok 13 - assessment binds the signed document system, version, content hash and snapshot then permits task closure only while retrievable
  ---
  duration_ms: 240.4779
  type: 'test'
  ...
# Subtest: new document revision invalidates the assessment and corruption keeps review work open until a new verified snapshot
ok 14 - new document revision invalidates the assessment and corruption keeps review work open until a new verified snapshot
  ---
  duration_ms: 259.781
  type: 'test'
  ...
# Subtest: governance document projection tampering is rejected and cannot create a verified assessment
ok 15 - governance document projection tampering is rejected and cannot create a verified assessment
  ---
  duration_ms: 123.9615
  type: 'test'
  ...
# Subtest: HTTP boundary accepts and retrieves a complete 4 MiB document and rejects documents or payloads above their limits
ok 16 - HTTP boundary accepts and retrieves a complete 4 MiB document and rejects documents or payloads above their limits
  ---
  duration_ms: 626.9397
  type: 'test'
  ...
# Subtest: vault backup verifies and restores governance document ciphertext and signed metadata without claiming elapsed retention
ok 17 - vault backup verifies and restores governance document ciphertext and signed metadata without claiming elapsed retention
  ---
  duration_ms: 446.0831
  type: 'test'
  ...
# Subtest: Korean governance across independent ingress, vault and audit processes preserves measured scope and frozen evidence
ok 18 - Korean governance across independent ingress, vault and audit processes preserves measured scope and frozen evidence
  ---
  duration_ms: 1341.1385
  type: 'test'
  ...
# Subtest: release launcher starts four real services, authenticates UI API, preserves data and confirms shutdown/restart
ok 19 - release launcher starts four real services, authenticates UI API, preserves data and confirms shutdown/restart
  ---
  duration_ms: 1903.87
  type: 'test'
  ...
# Subtest: release demo CLI targets the selected directory and loopback ports; signal shutdown leaves no service children
ok 20 - release demo CLI targets the selected directory and loopback ports; signal shutdown leaves no service children
  ---
  duration_ms: 1350.3505
  type: 'test'
  ...
# {"component":"vault","address":"::1","port":32767,"tls":false}
# node:events:487
#       throw er; // Unhandled 'error' event
#       ^
# Error: listen EADDRINUSE: address already in use ::1:32768
#     at Server.setupListenHandle [as _listen2] (node:net:2008:16)
#     at listenInCluster (node:net:2065:12)
#     at node:net:2274:7
#     at process.processTicksAndRejections (node:internal/process/task_queues:90:21)
# Emitted 'error' event on Server instance at:
#     at emitErrorNT (node:net:2044:8)
#     at process.processTicksAndRejections (node:internal/process/task_queues:90:21) {
#   code: 'EADDRINUSE',
#   errno: -4091,
#   syscall: 'listen',
#   address: '::1',
#   port: 32768
# }
# Node.js v24.15.0
# Subtest: release startup conflict cleans earlier services and preserves the unrelated listener
ok 21 - release startup conflict cleans earlier services and preserves the unrelated listener
  ---
  duration_ms: 482.9909
  type: 'test'
  ...
# Subtest: release HTTP launcher rejects inherited TLS configuration before creating credentials or listeners
ok 22 - release HTTP launcher rejects inherited TLS configuration before creating credentials or listeners
  ---
  duration_ms: 71.643
  type: 'test'
  ...
# Subtest: online WAL snapshot restores both tenants, historic documents, signed report and exact evidence
ok 23 - online WAL snapshot restores both tenants, historic documents, signed report and exact evidence
  ---
  duration_ms: 410.1128
  type: 'test'
  ...
# Subtest: ciphertext tamper, extra members and stale independent anchors fail before publication
ok 24 - ciphertext tamper, extra members and stale independent anchors fail before publication
  ---
  duration_ms: 313.5675
  type: 'test'
  ...
# Subtest: wrong vault key, forged manifest and absent external anchor are rejected
ok 25 - wrong vault key, forged manifest and absent external anchor are rejected
  ---
  duration_ms: 228.9397
  type: 'test'
  ...
# Subtest: forged object projections cannot be certified by a new backup
ok 26 - forged object projections cannot be certified by a new backup
  ---
  duration_ms: 166.5351
  type: 'test'
  ...
# Subtest: actions-only tenants cannot be omitted from whole-vault backup verification
ok 27 - actions-only tenants cannot be omitted from whole-vault backup verification
  ---
  duration_ms: 172.1102
  type: 'test'
  ...
# Subtest: a signed legacy archive omitting an actions-only tenant fails restore before publication
ok 28 - a signed legacy archive omitting an actions-only tenant fails restore before publication
  ---
  duration_ms: 146.5196
  type: 'test'
  ...
# Subtest: missing source or archived document fails recovery and never leaves plaintext staging files
ok 29 - missing source or archived document fails recovery and never leaves plaintext staging files
  ---
  duration_ms: 241.3967
  type: 'test'
  ...
# Subtest: SQL tenant relabeling and event index tampering cannot be sealed into a valid backup
ok 30 - SQL tenant relabeling and event index tampering cannot be sealed into a valid backup
  ---
  duration_ms: 332.9428
  type: 'test'
  ...
# Subtest: development event content, deletion, and index tampering fail signed snapshot verification
    # Subtest: content
    ok 1 - content
      ---
      duration_ms: 560.3587
      type: 'test'
      ...
    # Subtest: delete
    ok 2 - delete
      ---
      duration_ms: 687.0784
      type: 'test'
      ...
    # Subtest: index
    ok 3 - index
      ---
      duration_ms: 592.1698
      type: 'test'
      ...
    1..3
ok 31 - development event content, deletion, and index tampering fail signed snapshot verification
  ---
  duration_ms: 1840.6417
  type: 'test'
  ...
# Subtest: mixed-case development IDs use identical ordering for signed and SQL records
ok 32 - mixed-case development IDs use identical ordering for signed and SQL records
  ---
  duration_ms: 479.5159
  type: 'test'
  ...
# Subtest: restoration never overwrites an existing directory or crosses a symlink
ok 33 - restoration never overwrites an existing directory or crosses a symlink
  ---
  duration_ms: 383.4513
  type: 'test'
  ...
# Subtest: deleted event keys stay deleted after snapshot recovery
ok 34 - deleted event keys stay deleted after snapshot recovery
  ---
  duration_ms: 522.7775
  type: 'test'
  ...
# Subtest: actual restored HTTP vault serves supplier bytes and preserves tenant access boundaries
ok 35 - actual restored HTTP vault serves supplier bytes and preserves tenant access boundaries
  ---
  duration_ms: 1425.4439
  type: 'test'
  ...
# Subtest: operator CLI creates an external anchor and restores without copying credentials
ok 36 - operator CLI creates an external anchor and restores without copying credentials
  ---
  duration_ms: 620.3401
  type: 'test'
  ...
1..36
# tests 39
# suites 0
# pass 39
# fail 0
# cancelled 0
# skipped 0
# todo 0
# duration_ms 20715.0124
